Component: ARM Compiler 5.06 update 6 (build 750) Tool: armlink [4d35ed]

==============================================================================

Section Cross References

    main.o(i.main) refers to sysinit.o(i.System_Init) for System_Init
    main.o(i.main) refers to task_start.o(i.StartTast) for StartTast
    main.o(i.main) refers to tasks.o(i.vTaskStartScheduler) for vTaskStartScheduler
    system_stm32f4xx.o(i.SystemCoreClockUpdate) refers to system_stm32f4xx.o(.data) for SystemCoreClock
    system_stm32f4xx.o(i.SystemInit) refers to system_stm32f4xx.o(i.SetSysClock) for SetSysClock
    startup_stm32f40_41xxx.o(STACK) refers (Special) to heapauxi.o(.text) for __use_two_region_memory
    startup_stm32f40_41xxx.o(HEAP) refers (Special) to heapauxi.o(.text) for __use_two_region_memory
    startup_stm32f40_41xxx.o(RESET) refers (Special) to heapauxi.o(.text) for __use_two_region_memory
    startup_stm32f40_41xxx.o(RESET) refers to startup_stm32f40_41xxx.o(STACK) for __initial_sp
    startup_stm32f40_41xxx.o(RESET) refers to startup_stm32f40_41xxx.o(.text) for Reset_Handler
    startup_stm32f40_41xxx.o(RESET) refers to stm32f4xx_it.o(i.NMI_Handler) for NMI_Handler
    startup_stm32f40_41xxx.o(RESET) refers to stm32f4xx_it.o(i.HardFault_Handler) for HardFault_Handler
    startup_stm32f40_41xxx.o(RESET) refers to stm32f4xx_it.o(i.MemManage_Handler) for MemManage_Handler
    startup_stm32f40_41xxx.o(RESET) refers to stm32f4xx_it.o(i.BusFault_Handler) for BusFault_Handler
    startup_stm32f40_41xxx.o(RESET) refers to stm32f4xx_it.o(i.UsageFault_Handler) for UsageFault_Handler
    startup_stm32f40_41xxx.o(RESET) refers to port.o(.emb_text) for SVC_Handler
    startup_stm32f40_41xxx.o(RESET) refers to stm32f4xx_it.o(i.DebugMon_Handler) for DebugMon_Handler
    startup_stm32f40_41xxx.o(RESET) refers to delay.o(i.SysTick_Handler) for SysTick_Handler
    startup_stm32f40_41xxx.o(RESET) refers to can_receive.o(i.CAN1_RX0_IRQHandler) for CAN1_RX0_IRQHandler
    startup_stm32f40_41xxx.o(RESET) refers to imu.o(i.USART2_IRQHandler) for USART2_IRQHandler
    startup_stm32f40_41xxx.o(RESET) refers to can_receive.o(i.CAN2_RX0_IRQHandler) for CAN2_RX0_IRQHandler
    startup_stm32f40_41xxx.o(RESET) refers to remotecontrol.o(i.DMA2_Stream5_IRQHandler) for DMA2_Stream5_IRQHandler
    startup_stm32f40_41xxx.o(.text) refers (Special) to heapauxi.o(.text) for __use_two_region_memory
    startup_stm32f40_41xxx.o(.text) refers to system_stm32f4xx.o(i.SystemInit) for SystemInit
    startup_stm32f40_41xxx.o(.text) refers to __main.o(!!!main) for __main
    startup_stm32f40_41xxx.o(.text) refers to startup_stm32f40_41xxx.o(HEAP) for Heap_Mem
    startup_stm32f40_41xxx.o(.text) refers to startup_stm32f40_41xxx.o(STACK) for Stack_Mem
    stm32f4xx_adc.o(i.ADC_DeInit) refers to stm32f4xx_rcc.o(i.RCC_APB2PeriphResetCmd) for RCC_APB2PeriphResetCmd
    stm32f4xx_can.o(i.CAN_DeInit) refers to stm32f4xx_rcc.o(i.RCC_APB1PeriphResetCmd) for RCC_APB1PeriphResetCmd
    stm32f4xx_can.o(i.CAN_GetITStatus) refers to stm32f4xx_can.o(i.CheckITStatus) for CheckITStatus
    stm32f4xx_cryp.o(i.CRYP_DeInit) refers to stm32f4xx_rcc.o(i.RCC_AHB2PeriphResetCmd) for RCC_AHB2PeriphResetCmd
    stm32f4xx_cryp_aes.o(i.CRYP_AES_CBC) refers to stm32f4xx_cryp.o(i.CRYP_KeyStructInit) for CRYP_KeyStructInit
    stm32f4xx_cryp_aes.o(i.CRYP_AES_CBC) refers to stm32f4xx_cryp.o(i.CRYP_FIFOFlush) for CRYP_FIFOFlush
    stm32f4xx_cryp_aes.o(i.CRYP_AES_CBC) refers to stm32f4xx_cryp.o(i.CRYP_Init) for CRYP_Init
    stm32f4xx_cryp_aes.o(i.CRYP_AES_CBC) refers to stm32f4xx_cryp.o(i.CRYP_KeyInit) for CRYP_KeyInit
    stm32f4xx_cryp_aes.o(i.CRYP_AES_CBC) refers to stm32f4xx_cryp.o(i.CRYP_Cmd) for CRYP_Cmd
    stm32f4xx_cryp_aes.o(i.CRYP_AES_CBC) refers to stm32f4xx_cryp.o(i.CRYP_GetFlagStatus) for CRYP_GetFlagStatus
    stm32f4xx_cryp_aes.o(i.CRYP_AES_CBC) refers to stm32f4xx_cryp.o(i.CRYP_IVInit) for CRYP_IVInit
    stm32f4xx_cryp_aes.o(i.CRYP_AES_CBC) refers to stm32f4xx_cryp.o(i.CRYP_GetCmdStatus) for CRYP_GetCmdStatus
    stm32f4xx_cryp_aes.o(i.CRYP_AES_CBC) refers to stm32f4xx_cryp.o(i.CRYP_DataIn) for CRYP_DataIn
    stm32f4xx_cryp_aes.o(i.CRYP_AES_CBC) refers to stm32f4xx_cryp.o(i.CRYP_DataOut) for CRYP_DataOut
    stm32f4xx_cryp_aes.o(i.CRYP_AES_CCM) refers to stm32f4xx_cryp.o(i.CRYP_KeyStructInit) for CRYP_KeyStructInit
    stm32f4xx_cryp_aes.o(i.CRYP_AES_CCM) refers to stm32f4xx_cryp.o(i.CRYP_FIFOFlush) for CRYP_FIFOFlush
    stm32f4xx_cryp_aes.o(i.CRYP_AES_CCM) refers to stm32f4xx_cryp.o(i.CRYP_KeyInit) for CRYP_KeyInit
    stm32f4xx_cryp_aes.o(i.CRYP_AES_CCM) refers to stm32f4xx_cryp.o(i.CRYP_IVInit) for CRYP_IVInit
    stm32f4xx_cryp_aes.o(i.CRYP_AES_CCM) refers to stm32f4xx_cryp.o(i.CRYP_Init) for CRYP_Init
    stm32f4xx_cryp_aes.o(i.CRYP_AES_CCM) refers to stm32f4xx_cryp.o(i.CRYP_PhaseConfig) for CRYP_PhaseConfig
    stm32f4xx_cryp_aes.o(i.CRYP_AES_CCM) refers to stm32f4xx_cryp.o(i.CRYP_DataIn) for CRYP_DataIn
[...]
    i.CAN_Transmit                           0x08000ece   Section        0  stm32f4xx_can.o(i.CAN_Transmit)
    i.CAN_TransmitStatus                     0x08000ff4   Section        0  stm32f4xx_can.o(i.CAN_TransmitStatus)
    i.CheckITStatus                          0x08001094   Section        0  stm32f4xx_can.o(i.CheckITStatus)
    CheckITStatus                            0x08001095   Thumb Code    18  stm32f4xx_can.o(i.CheckITStatus)
    i.Check_CodeValue                        0x080010a6   Section        0  rmmotor.o(i.Check_CodeValue)
    i.DMA2_Stream5_IRQHandler                0x080010d4   Section        0  remotecontrol.o(i.DMA2_Stream5_IRQHandler)
    i.DMA_ClearFlag                          0x0800110c   Section        0  stm32f4xx_dma.o(i.DMA_ClearFlag)
    i.DMA_ClearITPendingBit                  0x08001140   Section        0  stm32f4xx_dma.o(i.DMA_ClearITPendingBit)
    i.DMA_Cmd                                0x08001174   Section        0  stm32f4xx_dma.o(i.DMA_Cmd)
    i.DMA_DeInit                             0x0800118c   Section        0  stm32f4xx_dma.o(i.DMA_DeInit)
    i.DMA_GetCmdStatus                       0x080012e4   Section        0  stm32f4xx_dma.o(i.DMA_GetCmdStatus)
    i.DMA_GetCurrDataCounter                 0x080012f8   Section        0  stm32f4xx_dma.o(i.DMA_GetCurrDataCounter)
    i.DMA_GetFlagStatus                      0x08001300   Section        0  stm32f4xx_dma.o(i.DMA_GetFlagStatus)
    i.DMA_ITConfig                           0x08001344   Section        0  stm32f4xx_dma.o(i.DMA_ITConfig)
    i.DMA_Init                               0x08001380   Section        0  stm32f4xx_dma.o(i.DMA_Init)
    i.DMA_SetCurrDataCounter                 0x080013d8   Section        0  stm32f4xx_dma.o(i.DMA_SetCurrDataCounter)
    i.DebugMon_Handler                       0x080013dc   Section        0  stm32f4xx_it.o(i.DebugMon_Handler)
    i.GPIO_Init                              0x080013de   Section        0  stm32f4xx_gpio.o(i.GPIO_Init)
    i.GPIO_PinAFConfig                       0x0800146e   Section        0  stm32f4xx_gpio.o(i.GPIO_PinAFConfig)
    i.HardFault_Handler                      0x080014b4   Section        0  stm32f4xx_it.o(i.HardFault_Handler)
    i.IMU_Data_Deal                          0x080014b8   Section        0  imu.o(i.IMU_Data_Deal)
    i.Location_Pid_Int32                     0x080015e8   Section        0  pid.o(i.Location_Pid_Int32)
    i.MemManage_Handler                      0x080016b8   Section        0  stm32f4xx_it.o(i.MemManage_Handler)
    i.Motor_2006_fire_test                   0x080016bc   Section        0  task_test.o(i.Motor_2006_fire_test)
    i.Motor_Actual_Position                  0x08001714   Section        0  rmmotor.o(i.Motor_Actual_Position)
    i.NMI_Handler                            0x08001752   Section        0  stm32f4xx_it.o(i.NMI_Handler)
    i.NVIC_Init                              0x08001754   Section        0  misc.o(i.NVIC_Init)
    i.NVIC_PriorityGroupConfig               0x080017cc   Section        0  misc.o(i.NVIC_PriorityGroupConfig)
    i.PID_Parameter_Init                     0x080017e0   Section        0  sysinit.o(i.PID_Parameter_Init)
    i.RCC_AHB1PeriphClockCmd                 0x0800193c   Section        0  stm32f4xx_rcc.o(i.RCC_AHB1PeriphClockCmd)
    i.RCC_APB1PeriphClockCmd                 0x0800195c   Section        0  stm32f4xx_rcc.o(i.RCC_APB1PeriphClockCmd)
    i.RCC_APB1PeriphResetCmd                 0x0800197c   Section        0  stm32f4xx_rcc.o(i.RCC_APB1PeriphResetCmd)
    i.RCC_APB2PeriphClockCmd                 0x0800199c   Section        0  stm32f4xx_rcc.o(i.RCC_APB2PeriphClockCmd)
    i.RCC_APB2PeriphResetCmd                 0x080019bc   Section        0  stm32f4xx_rcc.o(i.RCC_APB2PeriphResetCmd)
    i.RCC_GetClocksFreq                      0x080019dc   Section        0  stm32f4xx_rcc.o(i.RCC_GetClocksFreq)
    i.RC_Deal                                0x08001ac4   Section        0  remotecontrol.o(i.RC_Deal)
    RC_Deal                                  0x08001ac5   Thumb Code   332  remotecontrol.o(i.RC_Deal)
    i.RC_data_is_error                       0x08001c10   Section        0  remotecontrol.o(i.RC_data_is_error)
    i.RC_restart                             0x08001ca4   Section        0  remotecontrol.o(i.RC_restart)
    i.Rmmotor_Speed_control                  0x08001cf8   Section        0  rmmotor.o(i.Rmmotor_Speed_control)
    i.SAFECHECK_Task                         0x08001d40   Section        0  task_safecheck.o(i.SAFECHECK_Task)
    i.START_Task                             0x08001d4c   Section        0  task_start.o(i.START_Task)
    i.SetSysClock                            0x08001dbc   Section        0  system_stm32f4xx.o(i.SetSysClock)
    SetSysClock                              0x08001dbd   Thumb Code   220  system_stm32f4xx.o(i.SetSysClock)
    i.StartTast                              0x08001ea8   Section        0  task_start.o(i.StartTast)
    i.SysTick_CLKSourceConfig                0x08001ed4   Section        0  misc.o(i.SysTick_CLKSourceConfig)
    i.SysTick_Handler                        0x08001efc   Section        0  delay.o(i.SysTick_Handler)
    i.SystemInit                             0x08001f0c   Section        0  system_stm32f4xx.o(i.SystemInit)
    i.System_Init                            0x08001f74   Section        0  sysinit.o(i.System_Init)
    i.TEST_Task                              0x08001fb8   Section        0  task_test.o(i.TEST_Task)
    i.USART2_IRQHandler                      0x08001fcc   Section        0  imu.o(i.USART2_IRQHandler)
    i.USART_ClearFlag                        0x08002058   Section        0  stm32f4xx_usart.o(i.USART_ClearFlag)
    i.USART_Cmd                              0x0800206a   Section        0  stm32f4xx_usart.o(i.USART_Cmd)
    i.USART_DMACmd                           0x08002082   Section        0  stm32f4xx_usart.o(i.USART_DMACmd)
    i.USART_DeInit                           0x08002094   Section        0  stm32f4xx_usart.o(i.USART_DeInit)
    i.USART_GetITStatus                      0x08002184   Section        0  stm32f4xx_usart.o(i.USART_GetITStatus)
    i.USART_Init                             0x080021d8   Section        0  stm32f4xx_usart.o(i.USART_Init)
    i.UsageFault_Handler                     0x080022ac   Section        0  stm32f4xx_it.o(i.UsageFault_Handler)
    i.Usart1_Init                            0x080022b0   Section        0  usart.o(i.Usart1_Init)
    i.Yaw_Two_Zero_GPIO_Init                 0x080023dc   Section        0  photoelectric.o(i.Yaw_Two_Zero_GPIO_Init)
    i.Yaw_Zero_GPIO_Init                     0x0800240c   Section        0  photoelectric.o(i.Yaw_Zero_GPIO_Init)
    i.delay_init                             0x08002438   Section        0  delay.o(i.delay_init)
    i.delay_ms                               0x0800247c   Section        0  delay.o(i.delay_ms)
    i.delay_us                               0x080024bc   Section        0  delay.o(i.delay_us)
    i.int16_t_abs                            0x08002504   Section        0  maths.o(i.int16_t_abs)
    i.int32_limit                            0x0800250e   Section        0  maths.o(i.int32_limit)
    i.main                                   0x0800251e   Section        0  main.o(i.main)
    i.pid_init                               0x08002530   Section        0  pid.o(i.pid_init)
    i.prvAddCurrentTaskToDelayedList         0x080025a8   Section        0  tasks.o(i.prvAddCurrentTaskToDelayedList)
    prvAddCurrentTaskToDelayedList           0x080025a9   Thumb Code   124  tasks.o(i.prvAddCurrentTaskToDelayedList)
    i.prvAddNewTaskToReadyList               0x08002640   Section        0  tasks.o(i.prvAddNewTaskToReadyList)
    prvAddNewTaskToReadyList                 0x08002641   Thumb Code   156  tasks.o(i.prvAddNewTaskToReadyList)
    i.prvCheckForValidListAndQueue           0x080026f8   Section        0  timers.o(i.prvCheckForValidListAndQueue)
    prvCheckForValidListAndQueue             0x080026f9   Thumb Code    72  timers.o(i.prvCheckForValidListAndQueue)
    i.prvCheckTasksWaitingTermination        0x0800275c   Section        0  tasks.o(i.prvCheckTasksWaitingTermination)
    prvCheckTasksWaitingTermination          0x0800275d   Thumb Code    86  tasks.o(i.prvCheckTasksWaitingTermination)
    i.prvCopyDataFromQueue                   0x080027c0   Section        0  queue.o(i.prvCopyDataFromQueue)
    prvCopyDataFromQueue                     0x080027c1   Thumb Code    42  queue.o(i.prvCopyDataFromQueue)
    i.prvCopyDataToQueue                     0x080027ea   Section        0  queue.o(i.prvCopyDataToQueue)
    prvCopyDataToQueue                       0x080027eb   Thumb Code   124  queue.o(i.prvCopyDataToQueue)
    i.prvDeleteTCB                           0x08002866   Section        0  tasks.o(i.prvDeleteTCB)
    prvDeleteTCB                             0x08002867   Thumb Code    18  tasks.o(i.prvDeleteTCB)
    i.prvGetNextExpireTime                   0x08002878   Section        0  timers.o(i.prvGetNextExpireTime)
    prvGetNextExpireTime                     0x08002879   Thumb Code    36  timers.o(i.prvGetNextExpireTime)
    i.prvHeapInit                            0x080028a0   Section        0  heap_4.o(i.prvHeapInit)
    prvHeapInit                              0x080028a1   Thumb Code    98  heap_4.o(i.prvHeapInit)
    i.prvIdleTask                            0x0800291c   Section        0  tasks.o(i.prvIdleTask)
    prvIdleTask                              0x0800291d   Thumb Code    32  tasks.o(i.prvIdleTask)
    i.prvInitialiseNewQueue                  0x08002944   Section        0  queue.o(i.prvInitialiseNewQueue)
    prvInitialiseNewQueue                    0x08002945   Thumb Code    42  queue.o(i.prvInitialiseNewQueue)
    i.prvInitialiseNewTask                   0x0800296e   Section        0  tasks.o(i.prvInitialiseNewTask)
    prvInitialiseNewTask                     0x0800296f   Thumb Code   180  tasks.o(i.prvInitialiseNewTask)
    i.prvInitialiseTaskLists                 0x08002a24   Section        0  tasks.o(i.prvInitialiseTaskLists)
    prvInitialiseTaskLists                   0x08002a25   Thumb Code    70  tasks.o(i.prvInitialiseTaskLists)
    i.prvInsertBlockIntoFreeList             0x08002a8c   Section        0  heap_4.o(i.prvInsertBlockIntoFreeList)
    prvInsertBlockIntoFreeList               0x08002a8d   Thumb Code    96  heap_4.o(i.prvInsertBlockIntoFreeList)
    i.prvInsertTimerInActiveList             0x08002af4   Section        0  timers.o(i.prvInsertTimerInActiveList)
    prvInsertTimerInActiveList               0x08002af5   Thumb Code    80  timers.o(i.prvInsertTimerInActiveList)
    i.prvIsQueueEmpty                        0x08002b4c   Section        0  queue.o(i.prvIsQueueEmpty)
    prvIsQueueEmpty                          0x08002b4d   Thumb Code    26  queue.o(i.prvIsQueueEmpty)
    i.prvIsQueueFull                         0x08002b66   Section        0  queue.o(i.prvIsQueueFull)
    prvIsQueueFull                           0x08002b67   Thumb Code    30  queue.o(i.prvIsQueueFull)
    i.prvProcessExpiredTimer                 0x08002b84   Section        0  timers.o(i.prvProcessExpiredTimer)
    prvProcessExpiredTimer                   0x08002b85   Thumb Code    94  timers.o(i.prvProcessExpiredTimer)
    i.prvProcessReceivedCommands             0x08002be8   Section        0  timers.o(i.prvProcessReceivedCommands)
    prvProcessReceivedCommands               0x08002be9   Thumb Code   242  timers.o(i.prvProcessReceivedCommands)
    i.prvProcessTimerOrBlockTask             0x08002ce0   Section        0  timers.o(i.prvProcessTimerOrBlockTask)
    prvProcessTimerOrBlockTask               0x08002ce1   Thumb Code   102  timers.o(i.prvProcessTimerOrBlockTask)
    i.prvResetNextTaskUnblockTime            0x08002d54   Section        0  tasks.o(i.prvResetNextTaskUnblockTime)
    prvResetNextTaskUnblockTime              0x08002d55   Thumb Code    42  tasks.o(i.prvResetNextTaskUnblockTime)
    i.prvSampleTimeNow                       0x08002d88   Section        0  timers.o(i.prvSampleTimeNow)
    prvSampleTimeNow                         0x08002d89   Thumb Code    40  timers.o(i.prvSampleTimeNow)
    i.prvSwitchTimerLists                    0x08002db4   Section        0  timers.o(i.prvSwitchTimerLists)
    prvSwitchTimerLists                      0x08002db5   Thumb Code   150  timers.o(i.prvSwitchTimerLists)
    i.prvTaskExitError                       0x08002e54   Section        0  port.o(i.prvTaskExitError)
    prvTaskExitError                         0x08002e55   Thumb Code    60  port.o(i.prvTaskExitError)
    i.prvTimerTask                           0x08002e94   Section        0  timers.o(i.prvTimerTask)
    prvTimerTask                             0x08002e95   Thumb Code    26  timers.o(i.prvTimerTask)
    i.prvUnlockQueue                         0x08002eae   Section        0  queue.o(i.prvUnlockQueue)
    prvUnlockQueue                           0x08002eaf   Thumb Code   126  queue.o(i.prvUnlockQueue)
    i.pvPortMalloc                           0x08002f2c   Section        0  heap_4.o(i.pvPortMalloc)
    i.pvTaskIncrementMutexHeldCount          0x08003068   Section        0  tasks.o(i.pvTaskIncrementMutexHeldCount)
    i.pxPortInitialiseStack                  0x08003088   Section        0  port.o(i.pxPortInitialiseStack)
    i.remote_control_init                    0x080030b4   Section        0  remotecontrol.o(i.remote_control_init)
    i.uxListRemove                           0x080030c4   Section        0  list.o(i.uxListRemove)
    i.vListInitialise                        0x080030ec   Section        0  list.o(i.vListInitialise)
    i.vListInitialiseItem                    0x08003106   Section        0  list.o(i.vListInitialiseItem)
    i.vListInsert                            0x0800310c   Section        0  list.o(i.vListInsert)
    i.vListInsertEnd                         0x08003140   Section        0  list.o(i.vListInsertEnd)
    i.vPortEnterCritical                     0x08003158   Section        0  port.o(i.vPortEnterCritical)
    i.vPortExitCritical                      0x080031ac   Section        0  port.o(i.vPortExitCritical)
    i.vPortFree                              0x080031e8   Section        0  heap_4.o(i.vPortFree)
    i.vPortSetupTimerInterrupt               0x0800327c   Section        0  port.o(i.vPortSetupTimerInterrupt)
    i.vPortValidateInterruptPriority         0x0800329c   Section        0  port.o(i.vPortValidateInterruptPriority)
    i.vQueueAddToRegistry                    0x08003314   Section        0  queue.o(i.vQueueAddToRegistry)
    i.vQueueWaitForMessageRestricted         0x08003340   Section        0  queue.o(i.vQueueWaitForMessageRestricted)
    i.vTaskDelay                             0x0800338c   Section        0  tasks.o(i.vTaskDelay)
    i.vTaskDelete                            0x080033e8   Section        0  tasks.o(i.vTaskDelete)
    i.vTaskMissedYield                       0x080034dc   Section        0  tasks.o(i.vTaskMissedYield)
    i.vTaskPlaceOnEventList                  0x080034e8   Section        0  tasks.o(i.vTaskPlaceOnEventList)
    i.vTaskPlaceOnEventListRestricted        0x08003520   Section        0  tasks.o(i.vTaskPlaceOnEventListRestricted)
    i.vTaskPriorityInherit                   0x08003560   Section        0  tasks.o(i.vTaskPriorityInherit)
    i.vTaskSetTimeOutState                   0x08003610   Section        0  tasks.o(i.vTaskSetTimeOutState)
    i.vTaskStartScheduler                    0x08003640   Section        0  tasks.o(i.vTaskStartScheduler)
    i.vTaskSuspendAll                        0x080036d4   Section        0  tasks.o(i.vTaskSuspendAll)
    i.vTaskSwitchContext                     0x080036e4   Section        0  tasks.o(i.vTaskSwitchContext)
    i.xPortStartScheduler                    0x08003770   Section        0  port.o(i.xPortStartScheduler)
    i.xPortSysTickHandler                    0x080038ac   Section        0  port.o(i.xPortSysTickHandler)
    i.xQueueGenericCreate                    0x080038e0   Section        0  queue.o(i.xQueueGenericCreate)
    i.xQueueGenericReceive                   0x08003938   Section        0  queue.o(i.xQueueGenericReceive)
    i.xQueueGenericReset                     0x08003afc   Section        0  queue.o(i.xQueueGenericReset)
    i.xQueueGenericSend                      0x08003b94   Section        0  queue.o(i.xQueueGenericSend)
    i.xQueueGenericSendFromISR               0x08003d3c   Section        0  queue.o(i.xQueueGenericSendFromISR)
    i.xTaskCheckForTimeOut                   0x08003e34   Section        0  tasks.o(i.xTaskCheckForTimeOut)
    i.xTaskCreate                            0x08003ec0   Section        0  tasks.o(i.xTaskCreate)
    i.xTaskGetSchedulerState                 0x08003f20   Section        0  tasks.o(i.xTaskGetSchedulerState)
    i.xTaskGetTickCount                      0x08003f40   Section        0  tasks.o(i.xTaskGetTickCount)
    i.xTaskIncrementTick                     0x08003f4c   Section        0  tasks.o(i.xTaskIncrementTick)
    i.xTaskPriorityDisinherit                0x08004094   Section        0  tasks.o(i.xTaskPriorityDisinherit)
    i.xTaskRemoveFromEventList               0x0800415c   Section        0  tasks.o(i.xTaskRemoveFromEventList)
    i.xTaskResumeAll                         0x080041f4   Section        0  tasks.o(i.xTaskResumeAll)
    i.xTimerCreateTimerTask                  0x080042f8   Section        0  timers.o(i.xTimerCreateTimerTask)
    i.xTimerGenericCommand                   0x08004350   Section        0  timers.o(i.xTimerGenericCommand)
    x$fpl$fpinit                             0x080043d4   Section       10  fpinit.o(x$fpl$fpinit)
    $v0                                      0x080043d4   Number         0  fpinit.o(x$fpl$fpinit)
    .data                                    0x20000000   Section       20  system_stm32f4xx.o(.data)
    .data                                    0x20000014   Section       16  stm32f4xx_rcc.o(.data)
    APBAHBPrescTable                         0x20000014   Data          16  stm32f4xx_rcc.o(.data)
    .data                                    0x20000024   Section       60  tasks.o(.data)
    pxDelayedTaskList                        0x20000028   Data           4  tasks.o(.data)
    pxOverflowDelayedTaskList                0x2000002c   Data           4  tasks.o(.data)
    uxDeletedTasksWaitingCleanUp             0x20000030   Data           4  tasks.o(.data)
    uxCurrentNumberOfTasks                   0x20000034   Data           4  tasks.o(.data)
    xTickCount                               0x20000038   Data           4  tasks.o(.data)
    uxTopReadyPriority                       0x2000003c   Data           4  tasks.o(.data)
    xSchedulerRunning                        0x20000040   Data           4  tasks.o(.data)
    uxPendedTicks                            0x20000044   Data           4  tasks.o(.data)
    xYieldPending                            0x20000048   Data           4  tasks.o(.data)
    xNumOfOverflows                          0x2000004c   Data           4  tasks.o(.data)
    uxTaskNumber                             0x20000050   Data           4  tasks.o(.data)
    xNextTaskUnblockTime                     0x20000054   Data           4  tasks.o(.data)
    xIdleTaskHandle                          0x20000058   Data           4  tasks.o(.data)
    uxSchedulerSuspended                     0x2000005c   Data           4  tasks.o(.data)
    .data                                    0x20000060   Section       20  timers.o(.data)
    pxCurrentTimerList                       0x20000060   Data           4  timers.o(.data)
    pxOverflowTimerList                      0x20000064   Data           4  timers.o(.data)
    xTimerQueue                              0x20000068   Data           4  timers.o(.data)
    xTimerTaskHandle                         0x2000006c   Data           4  timers.o(.data)
    xLastTime                                0x20000070   Data           4  timers.o(.data)
    .data                                    0x20000074   Section       24  heap_4.o(.data)
    xStart                                   0x20000074   Data           8  heap_4.o(.data)
    pxEnd                                    0x2000007c   Data           4  heap_4.o(.data)
    xFreeBytesRemaining                      0x20000080   Data           4  heap_4.o(.data)
    xMinimumEverFreeBytesRemaining           0x20000084   Data           4  heap_4.o(.data)
    xBlockAllocatedBit                       0x20000088   Data           4  heap_4.o(.data)
    .data                                    0x2000008c   Section       12  port.o(.data)
    uxCriticalNesting                        0x2000008c   Data           4  port.o(.data)
    ucMaxSysCallPriority                     0x20000090   Data           1  port.o(.data)
    ulMaxPRIGROUPValue                       0x20000094   Data           4  port.o(.data)
    .data                                    0x20000098   Section        4  delay.o(.data)
    fac_us                                   0x20000098   Data           1  delay.o(.data)
    fac_ms                                   0x2000009a   Data           2  delay.o(.data)
    .data                                    0x2000009c   Section        4  imu.o(.data)
    .data                                    0x200000a0   Section       32  task_start.o(.data)
    DetectTask_Handler                       0x200000b0   Data           4  task_start.o(.data)
    SafecheckTask_Handler                    0x200000b4   Data           4  task_start.o(.data)
    TestTask_Handler                         0x200000b8   Data           4  task_start.o(.data)
    StartTask_Handler                        0x200000bc   Data           4  task_start.o(.data)
    .data                                    0x200000c0   Section        8  task_gimbal.o(.data)
    Gimbal_set_position                      0x200000c4   Data           4  task_gimbal.o(.data)
    .bss                                     0x200000c8   Section       64  queue.o(.bss)
    .bss                                     0x20000108   Section      200  tasks.o(.bss)
    pxReadyTasksLists                        0x20000108   Data         100  tasks.o(.bss)
    xDelayedTaskList1                        0x2000016c   Data          20  tasks.o(.bss)
    xDelayedTaskList2                        0x20000180   Data          20  tasks.o(.bss)
    xPendingReadyList                        0x20000194   Data          20  tasks.o(.bss)
    xTasksWaitingTermination                 0x200001a8   Data          20  tasks.o(.bss)
    xSuspendedTaskList                       0x200001bc   Data          20  tasks.o(.bss)
    .bss                                     0x200001d0   Section       40  timers.o(.bss)
    xActiveTimerList1                        0x200001d0   Data          20  timers.o(.bss)
    xActiveTimerList2                        0x200001e4   Data          20  timers.o(.bss)
    .bss                                     0x200001f8   Section    76800  heap_4.o(.bss)
    ucHeap                                   0x200001f8   Data       76800  heap_4.o(.bss)
    .bss                                     0x20012df8   Section       50  usart.o(.bss)
    .bss                                     0x20012e2c   Section      180  can_receive.o(.bss)
    rx2_message                              0x20012ecc   Data          20  can_receive.o(.bss)
    .bss                                     0x20012ee0   Section       90  imu.o(.bss)
    .bss                                     0x20012f3a   Section       40  remotecontrol.o(.bss)
    Usart1_Rx                                0x20012f3a   Data          18  remotecontrol.o(.bss)
    .bss                                     0x20012f64   Section      560  task_chassis.o(.bss)
    .bss                                     0x20013194   Section     1560  task_gimbal.o(.bss)
    correctYawValue                          0x20013798   Data          10  task_gimbal.o(.bss)
    correctSecYawValue                       0x200137a2   Data          10  task_gimbal.o(.bss)
    .bss                                     0x200137ac   Section       76  task_test.o(.bss)
    .bss                                     0x200137f8   Section       96  libspace.o(.bss)
    HEAP                                     0x20013858   Section      512  startup_stm32f40_41xxx.o(HEAP)
    Heap_Mem                                 0x20013858   Data         512  startup_stm32f40_41xxx.o(HEAP)
    STACK                                    0x20013a58   Section     1024  startup_stm32f40_41xxx.o(STACK)
    Stack_Mem                                0x20013a58   Data        1024  startup_stm32f40_41xxx.o(STACK)
    __initial_sp                             0x20013e58   Data           0  startup_stm32f40_41xxx.o(STACK)

    Global Symbols

    Symbol Name                              Value     Ov Type        Size  Object(Section)

    BuildAttributes$$THM_ISAv4$E$P$D$K$B$S$7EM$VFPi3$EXTD16$VFPS$VFMA$PE$A:L22UL41UL21$X:L11$S22US41US21$IEEE1$IW$USESV6$~STKCKD$USESV7$~SHL$OTIME$ROPI$IEEEX$EBA8$UX$STANDARDLIB$REQ8$PRES8$EABIv2 0x00000000   Number         0  anon$$obj.o ABSOLUTE
    __ARM_use_no_argv                        0x00000000   Number         0  main.o ABSOLUTE
    __ARM_exceptions_init                     - Undefined Weak Reference
    __alloca_initialize                       - Undefined Weak Reference
    __arm_preinit_                            - Undefined Weak Reference
    __cpp_initialize__aeabi_                  - Undefined Weak Reference
    __cxa_finalize                            - Undefined Weak Reference
    __rt_locale                               - Undefined Weak Reference
    __sigvec_lookup                           - Undefined Weak Reference
    _atexit_init                              - Undefined Weak Reference
    _call_atexit_fns                          - Undefined Weak Reference
    _clock_init                               - Undefined Weak Reference
    _fp_trap_init                             - Undefined Weak Reference
    _fp_trap_shutdown                         - Undefined Weak Reference
    _get_lc_collate                           - Undefined Weak Reference
    _get_lc_ctype                             - Undefined Weak Reference
    _get_lc_monetary                          - Undefined Weak Reference
    _get_lc_numeric                           - Undefined Weak Reference
    _get_lc_time                              - Undefined Weak Reference
    _getenv_init                              - Undefined Weak Reference
    _handle_redirection                       - Undefined Weak Reference
    _init_alloc                               - Undefined Weak Reference
    _init_user_alloc                          - Undefined Weak Reference
    _initio                                   - Undefined Weak Reference
    _rand_init                                - Undefined Weak Reference
    _signal_finish                            - Undefined Weak Reference
    _signal_init                              - Undefined Weak Reference
    _terminate_alloc                          - Undefined Weak Reference
    _terminate_user_alloc                     - Undefined Weak Reference
    _terminateio                              - Undefined Weak Reference
    __Vectors_Size                           0x00000188   Number         0  startup_stm32f40_41xxx.o ABSOLUTE
    __Vectors                                0x08000000   Data           4  startup_stm32f40_41xxx.o(RESET)
    __Vectors_End                            0x08000188   Data           0  startup_stm32f40_41xxx.o(RESET)
    __main                                   0x08000189   Thumb Code     8  __main.o(!!!main)
    __scatterload                            0x08000191   Thumb Code     0  __scatter.o(!!!scatter)
    __scatterload_rt2                        0x08000191   Thumb Code    44  __scatter.o(!!!scatter)
    __scatterload_rt2_thumb_only             0x08000191   Thumb Code     0  __scatter.o(!!!scatter)
    __scatterload_null                       0x0800019f   Thumb Code     0  __scatter.o(!!!scatter)
    __scatterload_copy                       0x080001c5   Thumb Code    26  __scatter_copy.o(!!handler_copy)
    __scatterload_zeroinit                   0x080001e1   Thumb Code    28  __scatter_zi.o(!!handler_zi)
    __rt_lib_init                            0x080001fd   Thumb Code     0  libinit.o(.ARM.Collect$$libinit$$00000000)
    __rt_lib_init_fp_1                       0x080001ff   Thumb Code     0  libinit2.o(.ARM.Collect$$libinit$$00000001)
    __rt_lib_init_alloca_1                   0x08000203   Thumb Code     0  libinit2.o(.ARM.Collect$$libinit$$0000002E)
    __rt_lib_init_argv_1                     0x08000203   Thumb Code     0  libinit2.o(.ARM.Collect$$libinit$$0000002C)
    __rt_lib_init_atexit_1                   0x08000203   Thumb Code     0  libinit2.o(.ARM.Collect$$libinit$$0000001B)
    __rt_lib_init_clock_1                    0x08000203   Thumb Code     0  libinit2.o(.ARM.Collect$$libinit$$00000021)
    __rt_lib_init_cpp_1                      0x08000203   Thumb Code     0  libinit2.o(.ARM.Collect$$libinit$$00000032)
    __rt_lib_init_exceptions_1               0x08000203   Thumb Code     0  libinit2.o(.ARM.Collect$$libinit$$00000030)
    __rt_lib_init_fp_trap_1                  0x08000203   Thumb Code     0  libinit2.o(.ARM.Collect$$libinit$$0000001F)
    __rt_lib_init_getenv_1                   0x08000203   Thumb Code     0  libinit2.o(.ARM.Collect$$libinit$$00000023)
    __rt_lib_init_heap_1                     0x08000203   Thumb Code     0  libinit2.o(.ARM.Collect$$libinit$$0000000A)
    __rt_lib_init_lc_collate_1               0x08000203   Thumb Code     0  libinit2.o(.ARM.Collect$$libinit$$00000011)
    __rt_lib_init_lc_ctype_1                 0x08000203   Thumb Code     0  libinit2.o(.ARM.Collect$$libinit$$00000013)
    __rt_lib_init_lc_monetary_1              0x08000203   Thumb Code     0  libinit2.o(.ARM.Collect$$libinit$$00000015)
    __rt_lib_init_lc_numeric_1               0x08000203   Thumb Code     0  libinit2.o(.ARM.Collect$$libinit$$00000017)
    __rt_lib_init_lc_time_1                  0x08000203   Thumb Code     0  libinit2.o(.ARM.Collect$$libinit$$00000019)
    __rt_lib_init_preinit_1                  0x08000203   Thumb Code     0  libinit2.o(.ARM.Collect$$libinit$$00000004)
    __rt_lib_init_rand_1                     0x08000203   Thumb Code     0  libinit2.o(.ARM.Collect$$libinit$$0000000E)
    __rt_lib_init_return                     0x08000203   Thumb Code     0  libinit2.o(.ARM.Collect$$libinit$$00000033)
    __rt_lib_init_signal_1                   0x08000203   Thumb Code     0  libinit2.o(.ARM.Collect$$libinit$$0000001D)
    __rt_lib_init_stdio_1                    0x08000203   Thumb Code     0  libinit2.o(.ARM.Collect$$libinit$$00000025)
    __rt_lib_init_user_alloc_1               0x08000203   Thumb Code     0  libinit2.o(.ARM.Collect$$libinit$$0000000C)
    __rt_lib_shutdown                        0x08000205   Thumb Code     0  libshutdown.o(.ARM.Collect$$libshutdown$$00000000)
    __rt_lib_shutdown_cpp_1                  0x08000207   Thumb Code     0  libshutdown2.o(.ARM.Collect$$libshutdown$$00000002)
    __rt_lib_shutdown_fp_trap_1              0x08000207   Thumb Code     0  libshutdown2.o(.ARM.Collect$$libshutdown$$00000007)
    __rt_lib_shutdown_heap_1                 0x08000207   Thumb Code     0  libshutdown2.o(.ARM.Collect$$libshutdown$$0000000F)
    __rt_lib_shutdown_return                 0x08000207   Thumb Code     0  libshutdown2.o(.ARM.Collect$$libshutdown$$00000010)
    __rt_lib_shutdown_signal_1               0x08000207   Thumb Code     0  libshutdown2.o(.ARM.Collect$$libshutdown$$0000000A)
    __rt_lib_shutdown_stdio_1                0x08000207   Thumb Code     0  libshutdown2.o(.ARM.Collect$$libshutdown$$00000004)
    __rt_lib_shutdown_user_alloc_1           0x08000207   Thumb Code     0  libshutdown2.o(.ARM.Collect$$libshutdown$$0000000C)
    __rt_entry                               0x08000209   Thumb Code     0  __rtentry.o(.ARM.Collect$$rtentry$$00000000)
    __rt_entry_presh_1                       0x08000209   Thumb Code     0  __rtentry2.o(.ARM.Collect$$rtentry$$00000002)
    __rt_entry_sh                            0x08000209   Thumb Code     0  __rtentry4.o(.ARM.Collect$$rtentry$$00000004)
    __rt_entry_li                            0x0800020f   Thumb Code     0  __rtentry2.o(.ARM.Collect$$rtentry$$0000000A)
    __rt_entry_postsh_1                      0x0800020f   Thumb Code     0  __rtentry2.o(.ARM.Collect$$rtentry$$00000009)
    __rt_entry_main                          0x08000213   Thumb Code     0  __rtentry2.o(.ARM.Collect$$rtentry$$0000000D)
    __rt_entry_postli_1                      0x08000213   Thumb Code     0  __rtentry2.o(.ARM.Collect$$rtentry$$0000000C)
    __rt_exit                                0x0800021b   Thumb Code     0  rtexit.o(.ARM.Collect$$rtexit$$00000000)
    __rt_exit_ls                             0x0800021d   Thumb Code     0  rtexit2.o(.ARM.Collect$$rtexit$$00000003)
    __rt_exit_prels_1                        0x0800021d   Thumb Code     0  rtexit2.o(.ARM.Collect$$rtexit$$00000002)
    __rt_exit_exit                           0x08000221   Thumb Code     0  rtexit2.o(.ARM.Collect$$rtexit$$00000004)
    SVC_Handler                              0x08000229   Thumb Code    28  port.o(.emb_text)
    __asm___6_port_c_39a90d8d__prvStartFirstTask 0x08000249   Thumb Code    28  port.o(.emb_text)
    __asm___6_port_c_39a90d8d__prvEnableVFP  0x08000269   Thumb Code    16  port.o(.emb_text)
    PendSV_Handler                           0x0800027d   Thumb Code    88  port.o(.emb_text)
    vPortGetIPSR                             0x080002d9   Thumb Code     6  port.o(.emb_text)
    Reset_Handler                            0x080002e1   Thumb Code     8  startup_stm32f40_41xxx.o(.text)
    ADC_IRQHandler                           0x080002fb   Thumb Code     0  startup_stm32f40_41xxx.o(.text)
    CAN1_RX1_IRQHandler                      0x080002fb   Thumb Code     0  startup_stm32f40_41xxx.o(.text)
    CAN1_SCE_IRQHandler                      0x080002fb   Thumb Code     0  startup_stm32f40_41xxx.o(.text)
    CAN1_TX_IRQHandler                       0x080002fb   Thumb Code     0  startup_stm32f40_41xxx.o(.text)
    CAN2_RX1_IRQHandler                      0x080002fb   Thumb Code     0  startup_stm32f40_41xxx.o(.text)
    CAN2_SCE_IRQHandler                      0x080002fb   Thumb Code     0  startup_stm32f40_41xxx.o(.text)
    CAN2_TX_IRQHandler                       0x080002fb   Thumb Code     0  startup_stm32f40_41xxx.o(.text)
    CRYP_IRQHandler                          0x080002fb   Thumb Code     0  startup_stm32f40_41xxx.o(.text)
    DCMI_IRQHandler                          0x080002fb   Thumb Code     0  startup_stm32f40_41xxx.o(.text)
    DMA1_Stream0_IRQHandler                  0x080002fb   Thumb Code     0  startup_stm32f40_41xxx.o(.text)
    DMA1_Stream1_IRQHandler                  0x080002fb   Thumb Code     0  startup_stm32f40_41xxx.o(.text)
    DMA1_Stream2_IRQHandler                  0x080002fb   Thumb Code     0  startup_stm32f40_41xxx.o(.text)
    DMA1_Stream3_IRQHandler                  0x080002fb   Thumb Code     0  startup_stm32f40_41xxx.o(.text)
    DMA1_Stream4_IRQHandler                  0x080002fb   Thumb Code     0  startup_stm32f40_41xxx.o(.text)
    DMA1_Stream5_IRQHandler                  0x080002fb   Thumb Code     0  startup_stm32f40_41xxx.o(.text)
    DMA1_Stream6_IRQHandler                  0x080002fb   Thumb Code     0  startup_stm32f40_41xxx.o(.text)
    DMA1_Stream7_IRQHandler                  0x080002fb   Thumb Code     0  startup_stm32f40_41xxx.o(.text)
    DMA2_Stream0_IRQHandler                  0x080002fb   Thumb Code     0  startup_stm32f40_41xxx.o(.text)
    DMA2_Stream1_IRQHandler                  0x080002fb   Thumb Code     0  startup_stm32f40_41xxx.o(.text)
    DMA2_Stream2_IRQHandler                  0x080002fb   Thumb Code     0  startup_stm32f40_41xxx.o(.text)
    DMA2_Stream3_IRQHandler                  0x080002fb   Thumb Code     0  startup_stm32f40_41xxx.o(.text)
    DMA2_Stream4_IRQHandler                  0x080002fb   Thumb Code     0  startup_stm32f40_41xxx.o(.text)
    DMA2_Stream6_IRQHandler                  0x080002fb   Thumb Code     0  startup_stm32f40_41xxx.o(.text)
    DMA2_Stream7_IRQHandler                  0x080002fb   Thumb Code     0  startup_stm32f40_41xxx.o(.text)
    ETH_IRQHandler                           0x080002fb   Thumb Code     0  startup_stm32f40_41xxx.o(.text)
    ETH_WKUP_IRQHandler                      0x080002fb   Thumb Code     0  startup_stm32f40_41xxx.o(.text)
    EXTI0_IRQHandler                         0x080002fb   Thumb Code     0  startup_stm32f40_41xxx.o(.text)
    EXTI15_10_IRQHandler                     0x080002fb   Thumb Code     0  startup_stm32f40_41xxx.o(.text)
    EXTI1_IRQHandler                         0x080002fb   Thumb Code     0  startup_stm32f40_41xxx.o(.text)
    EXTI2_IRQHandler                         0x080002fb   Thumb Code     0  startup_stm32f40_41xxx.o(.text)
    EXTI3_IRQHandler                         0x080002fb   Thumb Code     0  startup_stm32f40_41xxx.o(.text)
    EXTI4_IRQHandler                         0x080002fb   Thumb Code     0  startup_stm32f40_41xxx.o(.text)
    EXTI9_5_IRQHandler                       0x080002fb   Thumb Code     0  startup_stm32f40_41xxx.o(.text)
    FLASH_IRQHandler                         0x080002fb   Thumb Code     0  startup_stm32f40_41xxx.o(.text)
    FPU_IRQHandler                           0x080002fb   Thumb Code     0  startup_stm32f40_41xxx.o(.text)
    FSMC_IRQHandler                          0x080002fb   Thumb Code     0  startup_stm32f40_41xxx.o(.text)
    HASH_RNG_IRQHandler                      0x080002fb   Thumb Code     0  startup_stm32f40_41xxx.o(.text)
    I2C1_ER_IRQHandler                       0x080002fb   Thumb Code     0  startup_stm32f40_41xxx.o(.text)
    I2C1_EV_IRQHandler                       0x080002fb   Thumb Code     0  startup_stm32f40_41xxx.o(.text)
    I2C2_ER_IRQHandler                       0x080002fb   Thumb Code     0  startup_stm32f40_41xxx.o(.text)
    I2C2_EV_IRQHandler                       0x080002fb   Thumb Code     0  startup_stm32f40_41xxx.o(.text)
    I2C3_ER_IRQHandler                       0x080002fb   Thumb Code     0  startup_stm32f40_41xxx.o(.text)
    I2C3_EV_IRQHandler                       0x080002fb   Thumb Code     0  startup_stm32f40_41xxx.o(.text)
    OTG_FS_IRQHandler                        0x080002fb   Thumb Code     0  startup_stm32f40_41xxx.o(.text)
    OTG_FS_WKUP_IRQHandler                   0x080002fb   Thumb Code     0  startup_stm32f40_41xxx.o(.text)
    OTG_HS_EP1_IN_IRQHandler                 0x080002fb   Thumb Code     0  startup_stm32f40_41xxx.o(.text)
    OTG_HS_EP1_OUT_IRQHandler                0x080002fb   Thumb Code     0  startup_stm32f40_41xxx.o(.text)
    OTG_HS_IRQHandler                        0x080002fb   Thumb Code     0  startup_stm32f40_41xxx.o(.text)
    OTG_HS_WKUP_IRQHandler                   0x080002fb   Thumb Code     0  startup_stm32f40_41xxx.o(.text)
    PVD_IRQHandler                           0x080002fb   Thumb Code     0  startup_stm32f40_41xxx.o(.text)
    RCC_IRQHandler                           0x080002fb   Thumb Code     0  startup_stm32f40_41xxx.o(.text)
    RTC_Alarm_IRQHandler                     0x080002fb   Thumb Code     0  startup_stm32f40_41xxx.o(.text)
    RTC_WKUP_IRQHandler                      0x080002fb   Thumb Code     0  startup_stm32f40_41xxx.o(.text)
    SDIO_IRQHandler                          0x080002fb   Thumb Code     0  startup_stm32f40_41xxx.o(.text)
    SPI1_IRQHandler                          0x080002fb   Thumb Code     0  startup_stm32f40_41xxx.o(.text)
    SPI2_IRQHandler                          0x080002fb   Thumb Code     0  startup_stm32f40_41xxx.o(.text)
    SPI3_IRQHandler                          0x080002fb   Thumb Code     0  startup_stm32f40_41xxx.o(.text)
    TAMP_STAMP_IRQHandler                    0x080002fb   Thumb Code     0  startup_stm32f40_41xxx.o(.text)
    TIM1_BRK_TIM9_IRQHandler                 0x080002fb   Thumb Code     0  startup_stm32f40_41xxx.o(.text)
    TIM1_CC_IRQHandler                       0x080002fb   Thumb Code     0  startup_stm32f40_41xxx.o(.text)
    TIM1_TRG_COM_TIM11_IRQHandler            0x080002fb   Thumb Code     0  startup_stm32f40_41xxx.o(.text)
    TIM1_UP_TIM10_IRQHandler                 0x080002fb   Thumb Code     0  startup_stm32f40_41xxx.o(.text)
    TIM2_IRQHandler                          0x080002fb   Thumb Code     0  startup_stm32f40_41xxx.o(.text)
    TIM3_IRQHandler                          0x080002fb   Thumb Code     0  startup_stm32f40_41xxx.o(.text)
    TIM4_IRQHandler                          0x080002fb   Thumb Code     0  startup_stm32f40_41xxx.o(.text)
    TIM5_IRQHandler                          0x080002fb   Thumb Code     0  startup_stm32f40_41xxx.o(.text)
    TIM6_DAC_IRQHandler                      0x080002fb   Thumb Code     0  startup_stm32f40_41xxx.o(.text)
    TIM7_IRQHandler                          0x080002fb   Thumb Code     0  startup_stm32f40_41xxx.o(.text)
    TIM8_BRK_TIM12_IRQHandler                0x080002fb   Thumb Code     0  startup_stm32f40_41xxx.o(.text)
    TIM8_CC_IRQHandler                       0x080002fb   Thumb Code     0  startup_stm32f40_41xxx.o(.text)
    TIM8_TRG_COM_TIM14_IRQHandler            0x080002fb   Thumb Code     0  startup_stm32f40_41xxx.o(.text)
    TIM8_UP_TIM13_IRQHandler                 0x080002fb   Thumb Code     0  startup_stm32f40_41xxx.o(.text)
    UART4_IRQHandler                         0x080002fb   Thumb Code     0  startup_stm32f40_41xxx.o(.text)
    UART5_IRQHandler                         0x080002fb   Thumb Code     0  startup_stm32f40_41xxx.o(.text)
    USART1_IRQHandler                        0x080002fb   Thumb Code     0  startup_stm32f40_41xxx.o(.text)
    USART3_IRQHandler                        0x080002fb   Thumb Code     0  startup_stm32f40_41xxx.o(.text)
    USART6_IRQHandler                        0x080002fb   Thumb Code     0  startup_stm32f40_41xxx.o(.text)
    WWDG_IRQHandler                          0x080002fb   Thumb Code     0  startup_stm32f40_41xxx.o(.text)
    __user_initial_stackheap                 0x080002fd   Thumb Code     0  startup_stm32f40_41xxx.o(.text)
    __aeabi_memcpy                           0x08000321   Thumb Code     0  rt_memcpy_v6.o(.text)
    __rt_memcpy                              0x08000321   Thumb Code   138  rt_memcpy_v6.o(.text)
    _memcpy_lastbytes                        0x08000387   Thumb Code     0  rt_memcpy_v6.o(.text)
    __aeabi_memset                           0x080003ab   Thumb Code    16  aeabi_memset.o(.text)
    __use_two_region_memory                  0x080003bb   Thumb Code     2  heapauxi.o(.text)
    __rt_heap_escrow$2region                 0x080003bd   Thumb Code     2  heapauxi.o(.text)
    __rt_heap_expand$2region                 0x080003bf   Thumb Code     2  heapauxi.o(.text)
    __aeabi_memcpy4                          0x080003c1   Thumb Code     0  rt_memcpy_w.o(.text)
    __aeabi_memcpy8                          0x080003c1   Thumb Code     0  rt_memcpy_w.o(.text)
    __rt_memcpy_w                            0x080003c1   Thumb Code   100  rt_memcpy_w.o(.text)
    _memcpy_lastbytes_aligned                0x08000409   Thumb Code     0  rt_memcpy_w.o(.text)
    __aeabi_memclr                           0x08000425   Thumb Code     0  rt_memclr.o(.text)
    __rt_memclr                              0x08000425   Thumb Code    68  rt_memclr.o(.text)
    _memset                                  0x08000429   Thumb Code     0  rt_memclr.o(.text)
    __aeabi_memclr4                          0x08000469   Thumb Code     0  rt_memclr_w.o(.text)
    __aeabi_memclr8                          0x08000469   Thumb Code     0  rt_memclr_w.o(.text)
    __rt_memclr_w                            0x08000469   Thumb Code    78  rt_memclr_w.o(.text)
    _memset_w                                0x0800046d   Thumb Code     0  rt_memclr_w.o(.text)
    __user_libspace                          0x080004b9   Thumb Code     8  libspace.o(.text)
    __user_perproc_libspace                  0x080004b9   Thumb Code     0  libspace.o(.text)
    __user_perthread_libspace                0x080004b9   Thumb Code     0  libspace.o(.text)
    __user_setup_stackheap                   0x080004c1   Thumb Code    74  sys_stackheap_outer.o(.text)
    exit                                     0x0800050b   Thumb Code    18  exit.o(.text)
    _sys_exit                                0x0800051d   Thumb Code     8  sys_exit.o(.text)
    __I$use$semihosting                      0x08000529   Thumb Code     0  use_no_semi.o(.text)
    __use_no_semihosting_swi                 0x08000529   Thumb Code     2  use_no_semi.o(.text)
    Angle_Limiting_Int16                     0x0800052b   Thumb Code    36  rmmotor.o(i.Angle_Limiting_Int16)
    __semihosting_library_function           0x0800052b   Thumb Code     0  indicate_semi.o(.text)
    BusFault_Handler                         0x0800054f   Thumb Code     4  stm32f4xx_it.o(i.BusFault_Handler)
    CAN1_Chassis_Gimbal_Fire                 0x08000555   Thumb Code   118  can_receive.o(i.CAN1_Chassis_Gimbal_Fire)
    CAN1_RX0_IRQHandler                      0x080005d1   Thumb Code    50  can_receive.o(i.CAN1_RX0_IRQHandler)
    CAN1_mode_init                           0x080006ed   Thumb Code   246  can.o(i.CAN1_mode_init)
    CAN2_RX0_IRQHandler                      0x080007ed   Thumb Code    46  can_receive.o(i.CAN2_RX0_IRQHandler)
    CAN2_mode_init                           0x080008ad   Thumb Code   250  can.o(i.CAN2_mode_init)
    CAN_ClearFlag                            0x080009b1   Thumb Code    52  stm32f4xx_can.o(i.CAN_ClearFlag)
    CAN_ClearITPendingBit                    0x080009e9   Thumb Code   162  stm32f4xx_can.o(i.CAN_ClearITPendingBit)
    CAN_FilterInit                           0x08000a91   Thumb Code   258  stm32f4xx_can.o(i.CAN_FilterInit)
    CAN_GetITStatus                          0x08000b99   Thumb Code   284  stm32f4xx_can.o(i.CAN_GetITStatus)
    CAN_ITConfig                             0x08000cb9   Thumb Code    18  stm32f4xx_can.o(i.CAN_ITConfig)
    CAN_Init                                 0x08000ccb   Thumb Code   276  stm32f4xx_can.o(i.CAN_Init)
    CAN_Receive                              0x08000ddf   Thumb Code   240  stm32f4xx_can.o(i.CAN_Receive)
    CAN_Transmit                             0x08000ecf   Thumb Code   294  stm32f4xx_can.o(i.CAN_Transmit)
    CAN_TransmitStatus                       0x08000ff5   Thumb Code   138  stm32f4xx_can.o(i.CAN_TransmitStatus)
    Check_CodeValue                          0x080010a7   Thumb Code    44  rmmotor.o(i.Check_CodeValue)
    DMA2_Stream5_IRQHandler                  0x080010d5   Thumb Code    40  remotecontrol.o(i.DMA2_Stream5_IRQHandler)
    DMA_ClearFlag                            0x0800110d   Thumb Code    38  stm32f4xx_dma.o(i.DMA_ClearFlag)
    DMA_ClearITPendingBit                    0x08001141   Thumb Code    38  stm32f4xx_dma.o(i.DMA_ClearITPendingBit)
    DMA_Cmd                                  0x08001175   Thumb Code    22  stm32f4xx_dma.o(i.DMA_Cmd)
    DMA_DeInit                               0x0800118d   Thumb Code   324  stm32f4xx_dma.o(i.DMA_DeInit)
    DMA_GetCmdStatus                         0x080012e5   Thumb Code    20  stm32f4xx_dma.o(i.DMA_GetCmdStatus)
    DMA_GetCurrDataCounter                   0x080012f9   Thumb Code     8  stm32f4xx_dma.o(i.DMA_GetCurrDataCounter)
    DMA_GetFlagStatus                        0x08001301   Thumb Code    54  stm32f4xx_dma.o(i.DMA_GetFlagStatus)
    DMA_ITConfig                             0x08001345   Thumb Code    58  stm32f4xx_dma.o(i.DMA_ITConfig)
    DMA_Init                                 0x08001381   Thumb Code    82  stm32f4xx_dma.o(i.DMA_Init)
    DMA_SetCurrDataCounter                   0x080013d9   Thumb Code     4  stm32f4xx_dma.o(i.DMA_SetCurrDataCounter)
    DebugMon_Handler                         0x080013dd   Thumb Code     2  stm32f4xx_it.o(i.DebugMon_Handler)
    GPIO_Init                                0x080013df   Thumb Code   144  stm32f4xx_gpio.o(i.GPIO_Init)
    GPIO_PinAFConfig                         0x0800146f   Thumb Code    70  stm32f4xx_gpio.o(i.GPIO_PinAFConfig)
    HardFault_Handler                        0x080014b5   Thumb Code     4  stm32f4xx_it.o(i.HardFault_Handler)
    IMU_Data_Deal                            0x080014b9   Thumb Code   282  imu.o(i.IMU_Data_Deal)
    Location_Pid_Int32                       0x080015e9   Thumb Code   202  pid.o(i.Location_Pid_Int32)
    MemManage_Handler                        0x080016b9   Thumb Code     4  stm32f4xx_it.o(i.MemManage_Handler)
    Motor_2006_fire_test                     0x080016bd   Thumb Code    74  task_test.o(i.Motor_2006_fire_test)
    Motor_Actual_Position                    0x08001715   Thumb Code    62  rmmotor.o(i.Motor_Actual_Position)
    NMI_Handler                              0x08001753   Thumb Code     2  stm32f4xx_it.o(i.NMI_Handler)
    NVIC_Init                                0x08001755   Thumb Code   106  misc.o(i.NVIC_Init)
    NVIC_PriorityGroupConfig                 0x080017cd   Thumb Code    10  misc.o(i.NVIC_PriorityGroupConfig)
    PID_Parameter_Init                       0x080017e1   Thumb Code   300  sysinit.o(i.PID_Parameter_Init)
    RCC_AHB1PeriphClockCmd                   0x0800193d   Thumb Code    26  stm32f4xx_rcc.o(i.RCC_AHB1PeriphClockCmd)
    RCC_APB1PeriphClockCmd                   0x0800195d   Thumb Code    26  stm32f4xx_rcc.o(i.RCC_APB1PeriphClockCmd)
    RCC_APB1PeriphResetCmd                   0x0800197d   Thumb Code    26  stm32f4xx_rcc.o(i.RCC_APB1PeriphResetCmd)
    RCC_APB2PeriphClockCmd                   0x0800199d   Thumb Code    26  stm32f4xx_rcc.o(i.RCC_APB2PeriphClockCmd)
    RCC_APB2PeriphResetCmd                   0x080019bd   Thumb Code    26  stm32f4xx_rcc.o(i.RCC_APB2PeriphResetCmd)
    RCC_GetClocksFreq                        0x080019dd   Thumb Code   214  stm32f4xx_rcc.o(i.RCC_GetClocksFreq)
    RC_data_is_error                         0x08001c11   Thumb Code   142  remotecontrol.o(i.RC_data_is_error)
    RC_restart                               0x08001ca5   Thumb Code    72  remotecontrol.o(i.RC_restart)
    Rmmotor_Speed_control                    0x08001cf9   Thumb Code    72  rmmotor.o(i.Rmmotor_Speed_control)
    SAFECHECK_Task                           0x08001d41   Thumb Code    10  task_safecheck.o(i.SAFECHECK_Task)
    START_Task                               0x08001d4d   Thumb Code    62  task_start.o(i.START_Task)
    StartTast                                0x08001ea9   Thumb Code    24  task_start.o(i.StartTast)
    SysTick_CLKSourceConfig                  0x08001ed5   Thumb Code    40  misc.o(i.SysTick_CLKSourceConfig)
    SysTick_Handler                          0x08001efd   Thumb Code    16  delay.o(i.SysTick_Handler)
    SystemInit                               0x08001f0d   Thumb Code    88  system_stm32f4xx.o(i.SystemInit)
    System_Init                              0x08001f75   Thumb Code    68  sysinit.o(i.System_Init)
    TEST_Task                                0x08001fb9   Thumb Code    18  task_test.o(i.TEST_Task)
    USART2_IRQHandler                        0x08001fcd   Thumb Code   116  imu.o(i.USART2_IRQHandler)
    USART_ClearFlag                          0x08002059   Thumb Code    18  stm32f4xx_usart.o(i.USART_ClearFlag)
    USART_Cmd                                0x0800206b   Thumb Code    24  stm32f4xx_usart.o(i.USART_Cmd)
    USART_DMACmd                             0x08002083   Thumb Code    18  stm32f4xx_usart.o(i.USART_DMACmd)
    USART_DeInit                             0x08002095   Thumb Code   206  stm32f4xx_usart.o(i.USART_DeInit)
    USART_GetITStatus                        0x08002185   Thumb Code    84  stm32f4xx_usart.o(i.USART_GetITStatus)
    USART_Init                               0x080021d9   Thumb Code   204  stm32f4xx_usart.o(i.USART_Init)
    UsageFault_Handler                       0x080022ad   Thumb Code     4  stm32f4xx_it.o(i.UsageFault_Handler)
    Usart1_Init                              0x080022b1   Thumb Code   280  usart.o(i.Usart1_Init)
    Yaw_Two_Zero_GPIO_Init                   0x080023dd   Thumb Code    42  photoelectric.o(i.Yaw_Two_Zero_GPIO_Init)
    Yaw_Zero_GPIO_Init                       0x0800240d   Thumb Code    40  photoelectric.o(i.Yaw_Zero_GPIO_Init)
    delay_init                               0x08002439   Thumb Code    58  delay.o(i.delay_init)
    delay_ms                                 0x0800247d   Thumb Code    60  delay.o(i.delay_ms)
    delay_us                                 0x080024bd   Thumb Code    68  delay.o(i.delay_us)
    int16_t_abs                              0x08002505   Thumb Code    10  maths.o(i.int16_t_abs)
    int32_limit                              0x0800250f   Thumb Code    16  maths.o(i.int32_limit)
    main                                     0x0800251f   Thumb Code    16  main.o(i.main)
    pid_init                                 0x08002531   Thumb Code   116  pid.o(i.pid_init)
    pvPortMalloc                             0x08002f2d   Thumb Code   296  heap_4.o(i.pvPortMalloc)
    pvTaskIncrementMutexHeldCount            0x08003069   Thumb Code    26  tasks.o(i.pvTaskIncrementMutexHeldCount)
    pxPortInitialiseStack                    0x08003089   Thumb Code    38  port.o(i.pxPortInitialiseStack)
    remote_control_init                      0x080030b5   Thumb Code    12  remotecontrol.o(i.remote_control_init)
    uxListRemove                             0x080030c5   Thumb Code    40  list.o(i.uxListRemove)
    vListInitialise                          0x080030ed   Thumb Code    26  list.o(i.vListInitialise)
    vListInitialiseItem                      0x08003107   Thumb Code     6  list.o(i.vListInitialiseItem)
    vListInsert                              0x0800310d   Thumb Code    52  list.o(i.vListInsert)
    vListInsertEnd                           0x08003141   Thumb Code    24  list.o(i.vListInsertEnd)
    vPortEnterCritical                       0x08003159   Thumb Code    76  port.o(i.vPortEnterCritical)
    vPortExitCritical                        0x080031ad   Thumb Code    56  port.o(i.vPortExitCritical)
    vPortFree                                0x080031e9   Thumb Code   140  heap_4.o(i.vPortFree)
    vPortSetupTimerInterrupt                 0x0800327d   Thumb Code    26  port.o(i.vPortSetupTimerInterrupt)
    vPortValidateInterruptPriority           0x0800329d   Thumb Code   106  port.o(i.vPortValidateInterruptPriority)
    vQueueAddToRegistry                      0x08003315   Thumb Code    38  queue.o(i.vQueueAddToRegistry)
    vQueueWaitForMessageRestricted           0x08003341   Thumb Code    74  queue.o(i.vQueueWaitForMessageRestricted)
    vTaskDelay                               0x0800338d   Thumb Code    82  tasks.o(i.vTaskDelay)
    vTaskDelete                              0x080033e9   Thumb Code   202  tasks.o(i.vTaskDelete)
    vTaskMissedYield                         0x080034dd   Thumb Code     8  tasks.o(i.vTaskMissedYield)
    vTaskPlaceOnEventList                    0x080034e9   Thumb Code    52  tasks.o(i.vTaskPlaceOnEventList)
    vTaskPlaceOnEventListRestricted          0x08003521   Thumb Code    60  tasks.o(i.vTaskPlaceOnEventListRestricted)
    vTaskPriorityInherit                     0x08003561   Thumb Code   164  tasks.o(i.vTaskPriorityInherit)
    vTaskSetTimeOutState                     0x08003611   Thumb Code    38  tasks.o(i.vTaskSetTimeOutState)
    vTaskStartScheduler                      0x08003641   Thumb Code   118  tasks.o(i.vTaskStartScheduler)
    vTaskSuspendAll                          0x080036d5   Thumb Code    12  tasks.o(i.vTaskSuspendAll)
    vTaskSwitchContext                       0x080036e5   Thumb Code   118  tasks.o(i.vTaskSwitchContext)
    xPortStartScheduler                      0x08003771   Thumb Code   288  port.o(i.xPortStartScheduler)
    xPortSysTickHandler                      0x080038ad   Thumb Code    46  port.o(i.xPortSysTickHandler)
    xQueueGenericCreate                      0x080038e1   Thumb Code    88  queue.o(i.xQueueGenericCreate)
    xQueueGenericReceive                     0x08003939   Thumb Code   446  queue.o(i.xQueueGenericReceive)
    xQueueGenericReset                       0x08003afd   Thumb Code   146  queue.o(i.xQueueGenericReset)
    xQueueGenericSend                        0x08003b95   Thumb Code   420  queue.o(i.xQueueGenericSend)
    xQueueGenericSendFromISR                 0x08003d3d   Thumb Code   248  queue.o(i.xQueueGenericSendFromISR)
    xTaskCheckForTimeOut                     0x08003e35   Thumb Code   132  tasks.o(i.xTaskCheckForTimeOut)
    xTaskCreate                              0x08003ec1   Thumb Code    96  tasks.o(i.xTaskCreate)
    xTaskGetSchedulerState                   0x08003f21   Thumb Code    24  tasks.o(i.xTaskGetSchedulerState)
    xTaskGetTickCount                        0x08003f41   Thumb Code     6  tasks.o(i.xTaskGetTickCount)
    xTaskIncrementTick                       0x08003f4d   Thumb Code   282  tasks.o(i.xTaskIncrementTick)
    xTaskPriorityDisinherit                  0x08004095   Thumb Code   188  tasks.o(i.xTaskPriorityDisinherit)
    xTaskRemoveFromEventList                 0x0800415d   Thumb Code   128  tasks.o(i.xTaskRemoveFromEventList)
    xTaskResumeAll                           0x080041f5   Thumb Code   224  tasks.o(i.xTaskResumeAll)
    xTimerCreateTimerTask                    0x080042f9   Thumb Code    66  timers.o(i.xTimerCreateTimerTask)
    xTimerGenericCommand                     0x08004351   Thumb Code   126  timers.o(i.xTimerGenericCommand)
    _fp_init                                 0x080043d5   Thumb Code    10  fpinit.o(x$fpl$fpinit)
    __fplib_config_fpu_vfp                   0x080043dd   Thumb Code     0  fpinit.o(x$fpl$fpinit)
    __fplib_config_pureend_doubles           0x080043dd   Thumb Code     0  fpinit.o(x$fpl$fpinit)
    Region$$Table$$Base                      0x080043e0   Number         0  anon$$obj.o(Region$$Table)
    Region$$Table$$Limit                     0x08004400   Number         0  anon$$obj.o(Region$$Table)
    SystemCoreClock                          0x20000000   Data           4  system_stm32f4xx.o(.data)
    AHBPrescTable                            0x20000004   Data          16  system_stm32f4xx.o(.data)
    pxCurrentTCB                             0x20000024   Data           4  tasks.o(.data)
    USART2_Receive_Flag                      0x2000009c   Data           2  imu.o(.data)
    usart2_dataLen                           0x2000009e   Data           2  imu.o(.data)
    work_st                                  0x200000a0   Data           1  task_start.o(.data)
    GIMBALTask_Handler                       0x200000a4   Data           4  task_start.o(.data)
    ChassisTask_Handler                      0x200000a8   Data           4  task_start.o(.data)
    RemoteTask_Handler                       0x200000ac   Data           4  task_start.o(.data)
    GIMBAL_SUPPLY_FLAG                       0x200000c0   Data           1  task_gimbal.o(.data)
    xQueueRegistry                           0x200000c8   Data          64  queue.o(.bss)
    Usart2_Rx                                0x20012df8   Data          25  usart.o(.bss)
    Usart2_Tx                                0x20012e11   Data          25  usart.o(.bss)
    motor_chassis                            0x20012e2c   Data          80  can_receive.o(.bss)
    motor_fire                               0x20012e7c   Data          20  can_receive.o(.bss)
    motor_yaw                                0x20012e90   Data          20  can_receive.o(.bss)
    motor_second_yaw                         0x20012ea4   Data          20  can_receive.o(.bss)
    motor_pitch                              0x20012eb8   Data          20  can_receive.o(.bss)
    IMU_t                                    0x20012ee0   Data          40  imu.o(.bss)
    GyroDataBuffer_tx                        0x20012f08   Data          25  imu.o(.bss)
    GyroDataBuffer_rx                        0x20012f21   Data          25  imu.o(.bss)
    rc_ctrl                                  0x20012f4c   Data          22  remotecontrol.o(.bss)
    chassis_control                          0x20012f64   Data         408  task_chassis.o(.bss)
    CHASSIS_MOVE_FOLLOW_PID                  0x200130fc   Data          76  task_chassis.o(.bss)
    CHASSIS_ROTATE_FOLLOW_PID                0x20013148   Data          76  task_chassis.o(.bss)
    fire_control                             0x20013194   Data          80  task_gimbal.o(.bss)
    sec_gimbal_control                       0x200131e4   Data          88  task_gimbal.o(.bss)
    fir_gimbal_control                       0x2001323c   Data        1372  task_gimbal.o(.bss)
    Motor_2006_test_PID                      0x200137ac   Data          76  task_test.o(.bss)
    __libspace_start                         0x200137f8   Data          96  libspace.o(.bss)
    __temporary_stack_top$libspace           0x20013858   Data           0  libspace.o(.bss)



==============================================================================

Memory Map of the image

  Image Entry point : 0x08000189

  Load Region LR_IROM1 (Base: 0x08000000, Size: 0x000044c8, Max: 0x00080000, ABSOLUTE)

    Execution Region ER_IROM1 (Exec base: 0x08000000, Load base: 0x08000000, Size: 0x00004400, Max: 0x00080000, ABSOLUTE)

    Exec Addr    Load Addr    Size         Type   Attr      Idx    E Section Name        Object

    0x08000000   0x08000000   0x00000188   Data   RO          308    RESET               startup_stm32f40_41xxx.o
    0x08000188   0x08000188   0x00000008   Code   RO         7687  * !!!main             c_w.l(__main.o)
    0x08000190   0x08000190   0x00000034   Code   RO         7956    !!!scatter          c_w.l(__scatter.o)
    0x080001c4   0x080001c4   0x0000001a   Code   RO         7958    !!handler_copy      c_w.l(__scatter_copy.o)
    0x080001de   0x080001de   0x00000002   PAD
    0x080001e0   0x080001e0   0x0000001c   Code   RO         7960    !!handler_zi        c_w.l(__scatter_zi.o)
    0x080001fc   0x080001fc   0x00000002   Code   RO         7829    .ARM.Collect$$libinit$$00000000  c_w.l(libinit.o)
    0x080001fe   0x080001fe   0x00000004   Code   RO         7832    .ARM.Collect$$libinit$$00000001  c_w.l(libinit2.o)
    0x08000202   0x08000202   0x00000000   Code   RO         7835    .ARM.Collect$$libinit$$00000004  c_w.l(libinit2.o)
    0x08000202   0x08000202   0x00000000   Code   RO         7838    .ARM.Collect$$libinit$$0000000A  c_w.l(libinit2.o)
    0x08000202   0x08000202   0x00000000   Code   RO         7840    .ARM.Collect$$libinit$$0000000C  c_w.l(libinit2.o)
    0x08000202   0x08000202   0x00000000   Code   RO         7842    .ARM.Collect$$libinit$$0000000E  c_w.l(libinit2.o)
    0x08000202   0x08000202   0x00000000   Code   RO         7845    .ARM.Collect$$libinit$$00000011  c_w.l(libinit2.o)
    0x08000202   0x08000202   0x00000000   Code   RO         7847    .ARM.Collect$$libinit$$00000013  c_w.l(libinit2.o)
    0x08000202   0x08000202   0x00000000   Code   RO         7849    .ARM.Collect$$libinit$$00000015  c_w.l(libinit2.o)
    0x08000202   0x08000202   0x00000000   Code   RO         7851    .ARM.Collect$$libinit$$00000017  c_w.l(libinit2.o)
    0x08000202   0x08000202   0x00000000   Code   RO         7853    .ARM.Collect$$libinit$$00000019  c_w.l(libinit2.o)
    0x08000202   0x08000202   0x00000000   Code   RO         7855    .ARM.Collect$$libinit$$0000001B  c_w.l(libinit2.o)
    0x08000202   0x08000202   0x00000000   Code   RO         7857    .ARM.Collect$$libinit$$0000001D  c_w.l(libinit2.o)
    0x08000202   0x08000202   0x00000000   Code   RO         7859    .ARM.Collect$$libinit$$0000001F  c_w.l(libinit2.o)
    0x08000202   0x08000202   0x00000000   Code   RO         7861    .ARM.Collect$$libinit$$00000021  c_w.l(libinit2.o)
    0x08000202   0x08000202   0x00000000   Code   RO         7863    .ARM.Collect$$libinit$$00000023  c_w.l(libinit2.o)
    0x08000202   0x08000202   0x00000000   Code   RO         7865    .ARM.Collect$$libinit$$00000025  c_w.l(libinit2.o)
    0x08000202   0x08000202   0x00000000   Code   RO         7869    .ARM.Collect$$libinit$$0000002C  c_w.l(libinit2.o)
    0x08000202   0x08000202   0x00000000   Code   RO         7871    .ARM.Collect$$libinit$$0000002E  c_w.l(libinit2.o)
    0x08000202   0x08000202   0x00000000   Code   RO         7873    .ARM.Collect$$libinit$$00000030  c_w.l(libinit2.o)
    0x08000202   0x08000202   0x00000000   Code   RO         7875    .ARM.Collect$$libinit$$00000032  c_w.l(libinit2.o)
    0x08000202   0x08000202   0x00000002   Code   RO         7876    .ARM.Collect$$libinit$$00000033  c_w.l(libinit2.o)
    0x08000204   0x08000204   0x00000002   Code   RO         7896    .ARM.Collect$$libshutdown$$00000000  c_w.l(libshutdown.o)
    0x08000206   0x08000206   0x00000000   Code   RO         7909    .ARM.Collect$$libshutdown$$00000002  c_w.l(libshutdown2.o)
    0x08000206   0x08000206   0x00000000   Code   RO         7911    .ARM.Collect$$libshutdown$$00000004  c_w.l(libshutdown2.o)
    0x08000206   0x08000206   0x00000000   Code   RO         7914    .ARM.Collect$$libshutdown$$00000007  c_w.l(libshutdown2.o)
    0x08000206   0x08000206   0x00000000   Code   RO         7917    .ARM.Collect$$libshutdown$$0000000A  c_w.l(libshutdown2.o)
    0x08000206   0x08000206   0x00000000   Code   RO         7919    .ARM.Collect$$libshutdown$$0000000C  c_w.l(libshutdown2.o)
    0x08000206   0x08000206   0x00000000   Code   RO         7922    .ARM.Collect$$libshutdown$$0000000F  c_w.l(libshutdown2.o)
    0x08000206   0x08000206   0x00000002   Code   RO         7923    .ARM.Collect$$libshutdown$$00000010  c_w.l(libshutdown2.o)
    0x08000208   0x08000208   0x00000000   Code   RO         7727    .ARM.Collect$$rtentry$$00000000  c_w.l(__rtentry.o)
    0x08000208   0x08000208   0x00000000   Code   RO         7772    .ARM.Collect$$rtentry$$00000002  c_w.l(__rtentry2.o)
    0x08000208   0x08000208   0x00000006   Code   RO         7784    .ARM.Collect$$rtentry$$00000004  c_w.l(__rtentry4.o)
    0x0800020e   0x0800020e   0x00000000   Code   RO         7774    .ARM.Collect$$rtentry$$00000009  c_w.l(__rtentry2.o)
    0x0800020e   0x0800020e   0x00000004   Code   RO         7775    .ARM.Collect$$rtentry$$0000000A  c_w.l(__rtentry2.o)
    0x08000212   0x08000212   0x00000000   Code   RO         7777    .ARM.Collect$$rtentry$$0000000C  c_w.l(__rtentry2.o)
    0x08000212   0x08000212   0x00000008   Code   RO         7778    .ARM.Collect$$rtentry$$0000000D  c_w.l(__rtentry2.o)
    0x0800021a   0x0800021a   0x00000002   Code   RO         7830    .ARM.Collect$$rtexit$$00000000  c_w.l(rtexit.o)
    0x0800021c   0x0800021c   0x00000000   Code   RO         7878    .ARM.Collect$$rtexit$$00000002  c_w.l(rtexit2.o)
    0x0800021c   0x0800021c   0x00000004   Code   RO         7879    .ARM.Collect$$rtexit$$00000003  c_w.l(rtexit2.o)
    0x08000220   0x08000220   0x00000006   Code   RO         7880    .ARM.Collect$$rtexit$$00000004  c_w.l(rtexit2.o)
    0x08000226   0x08000226   0x00000002   PAD
    0x08000228   0x08000228   0x000000b6   Code   RO         6203    .emb_text           port.o
    0x080002de   0x080002de   0x00000002   PAD
    0x080002e0   0x080002e0   0x00000040   Code   RO          309    .text               startup_stm32f40_41xxx.o
    0x08000320   0x08000320   0x0000008a   Code   RO         7681    .text               c_w.l(rt_memcpy_v6.o)
    0x080003aa   0x080003aa   0x00000010   Code   RO         7683    .text               c_w.l(aeabi_memset.o)
    0x080003ba   0x080003ba   0x00000006   Code   RO         7685    .text               c_w.l(heapauxi.o)
    0x080003c0   0x080003c0   0x00000064   Code   RO         7730    .text               c_w.l(rt_memcpy_w.o)
    0x08000424   0x08000424   0x00000044   Code   RO         7732    .text               c_w.l(rt_memclr.o)
    0x08000468   0x08000468   0x0000004e   Code   RO         7791    .text               c_w.l(rt_memclr_w.o)
    0x080004b6   0x080004b6   0x00000002   PAD
    0x080004b8   0x080004b8   0x00000008   Code   RO         7817    .text               c_w.l(libspace.o)
    0x080004c0   0x080004c0   0x0000004a   Code   RO         7820    .text               c_w.l(sys_stackheap_outer.o)
    0x0800050a   0x0800050a   0x00000012   Code   RO         7822    .text               c_w.l(exit.o)
    0x0800051c   0x0800051c   0x0000000c   Code   RO         7888    .text               c_w.l(sys_exit.o)
    0x08000528   0x08000528   0x00000002   Code   RO         7899    .text               c_w.l(use_no_semi.o)
    0x0800052a   0x0800052a   0x00000000   Code   RO         7901    .text               c_w.l(indicate_semi.o)
    0x0800052a   0x0800052a   0x00000024   Code   RO         7236    i.Angle_Limiting_Int16  rmmotor.o
    0x0800054e   0x0800054e   0x00000004   Code   RO          211    i.BusFault_Handler  stm32f4xx_it.o
    0x08000552   0x08000552   0x00000002   PAD
    0x08000554   0x08000554   0x0000007c   Code   RO         6745    i.CAN1_Chassis_Gimbal_Fire  can_receive.o
    0x080005d0   0x080005d0   0x0000003c   Code   RO         6748    i.CAN1_RX0_IRQHandler  can_receive.o
    0x0800060c   0x0800060c   0x000000e0   Code   RO         6749    i.CAN1_chassis_receive  can_receive.o
    0x080006ec   0x080006ec   0x00000100   Code   RO         6464    i.CAN1_mode_init    can.o
    0x080007ec   0x080007ec   0x0000003c   Code   RO         6753    i.CAN2_RX0_IRQHandler  can_receive.o
    0x08000828   0x08000828   0x00000084   Code   RO         6755    i.CAN2_chassis_receive  can_receive.o
    0x080008ac   0x080008ac   0x00000104   Code   RO         6465    i.CAN2_mode_init    can.o
    0x080009b0   0x080009b0   0x00000038   Code   RO          637    i.CAN_ClearFlag     stm32f4xx_can.o
    0x080009e8   0x080009e8   0x000000a8   Code   RO          638    i.CAN_ClearITPendingBit  stm32f4xx_can.o
    0x08000a90   0x08000a90   0x00000108   Code   RO          642    i.CAN_FilterInit    stm32f4xx_can.o
    0x08000b98   0x08000b98   0x00000120   Code   RO          644    i.CAN_GetITStatus   stm32f4xx_can.o
    0x08000cb8   0x08000cb8   0x00000012   Code   RO          648    i.CAN_ITConfig      stm32f4xx_can.o
    0x08000cca   0x08000cca   0x00000114   Code   RO          649    i.CAN_Init          stm32f4xx_can.o
    0x08000dde   0x08000dde   0x000000f0   Code   RO          652    i.CAN_Receive       stm32f4xx_can.o
    0x08000ece   0x08000ece   0x00000126   Code   RO          657    i.CAN_Transmit      stm32f4xx_can.o
    0x08000ff4   0x08000ff4   0x000000a0   Code   RO          658    i.CAN_TransmitStatus  stm32f4xx_can.o
    0x08001094   0x08001094   0x00000012   Code   RO          660    i.CheckITStatus     stm32f4xx_can.o
    0x080010a6   0x080010a6   0x0000002c   Code   RO         7238    i.Check_CodeValue   rmmotor.o
    0x080010d2   0x080010d2   0x00000002   PAD
    0x080010d4   0x080010d4   0x00000038   Code   RO         7172    i.DMA2_Stream5_IRQHandler  remotecontrol.o
    0x0800110c   0x0800110c   0x00000034   Code   RO         1415    i.DMA_ClearFlag     stm32f4xx_dma.o
    0x08001140   0x08001140   0x00000034   Code   RO         1416    i.DMA_ClearITPendingBit  stm32f4xx_dma.o
    0x08001174   0x08001174   0x00000016   Code   RO         1417    i.DMA_Cmd           stm32f4xx_dma.o
    0x0800118a   0x0800118a   0x00000002   PAD
    0x0800118c   0x0800118c   0x00000158   Code   RO         1418    i.DMA_DeInit        stm32f4xx_dma.o
    0x080012e4   0x080012e4   0x00000014   Code   RO         1422    i.DMA_GetCmdStatus  stm32f4xx_dma.o
    0x080012f8   0x080012f8   0x00000008   Code   RO         1423    i.DMA_GetCurrDataCounter  stm32f4xx_dma.o
    0x08001300   0x08001300   0x00000044   Code   RO         1426    i.DMA_GetFlagStatus  stm32f4xx_dma.o
    0x08001344   0x08001344   0x0000003a   Code   RO         1428    i.DMA_ITConfig      stm32f4xx_dma.o
    0x0800137e   0x0800137e   0x00000002   PAD
    0x08001380   0x08001380   0x00000058   Code   RO         1429    i.DMA_Init          stm32f4xx_dma.o
    0x080013d8   0x080013d8   0x00000004   Code   RO         1432    i.DMA_SetCurrDataCounter  stm32f4xx_dma.o
    0x080013dc   0x080013dc   0x00000002   Code   RO          212    i.DebugMon_Handler  stm32f4xx_it.o
    0x080013de   0x080013de   0x00000090   Code   RO         2217    i.GPIO_Init         stm32f4xx_gpio.o
    0x0800146e   0x0800146e   0x00000046   Code   RO         2218    i.GPIO_PinAFConfig  stm32f4xx_gpio.o
    0x080014b4   0x080014b4   0x00000004   Code   RO          213    i.HardFault_Handler  stm32f4xx_it.o
    0x080014b8   0x080014b8   0x00000130   Code   RO         6971    i.IMU_Data_Deal     imu.o
    0x080015e8   0x080015e8   0x000000d0   Code   RO         6637    i.Location_Pid_Int32  pid.o
    0x080016b8   0x080016b8   0x00000004   Code   RO          214    i.MemManage_Handler  stm32f4xx_it.o
    0x080016bc   0x080016bc   0x00000058   Code   RO         7635    i.Motor_2006_fire_test  task_test.o
    0x08001714   0x08001714   0x0000003e   Code   RO         7242    i.Motor_Actual_Position  rmmotor.o
    0x08001752   0x08001752   0x00000002   Code   RO          215    i.NMI_Handler       stm32f4xx_it.o
    0x08001754   0x08001754   0x00000078   Code   RO          316    i.NVIC_Init         misc.o
    0x080017cc   0x080017cc   0x00000014   Code   RO          317    i.NVIC_PriorityGroupConfig  misc.o
    0x080017e0   0x080017e0   0x0000015c   Code   RO         6283    i.PID_Parameter_Init  sysinit.o
    0x0800193c   0x0800193c   0x00000020   Code   RO         3143    i.RCC_AHB1PeriphClockCmd  stm32f4xx_rcc.o
    0x0800195c   0x0800195c   0x00000020   Code   RO         3152    i.RCC_APB1PeriphClockCmd  stm32f4xx_rcc.o
    0x0800197c   0x0800197c   0x00000020   Code   RO         3154    i.RCC_APB1PeriphResetCmd  stm32f4xx_rcc.o
    0x0800199c   0x0800199c   0x00000020   Code   RO         3155    i.RCC_APB2PeriphClockCmd  stm32f4xx_rcc.o
    0x080019bc   0x080019bc   0x00000020   Code   RO         3157    i.RCC_APB2PeriphResetCmd  stm32f4xx_rcc.o
    0x080019dc   0x080019dc   0x000000e8   Code   RO         3164    i.RCC_GetClocksFreq  stm32f4xx_rcc.o
    0x08001ac4   0x08001ac4   0x0000014c   Code   RO         7173    i.RC_Deal           remotecontrol.o
    0x08001c10   0x08001c10   0x00000094   Code   RO         7174    i.RC_data_is_error  remotecontrol.o
    0x08001ca4   0x08001ca4   0x00000054   Code   RO         7175    i.RC_restart        remotecontrol.o
    0x08001cf8   0x08001cf8   0x00000048   Code   RO         7244    i.Rmmotor_Speed_control  rmmotor.o
    0x08001d40   0x08001d40   0x0000000a   Code   RO         7593    i.SAFECHECK_Task    task_safecheck.o
    0x08001d4a   0x08001d4a   0x00000002   PAD
    0x08001d4c   0x08001d4c   0x00000070   Code   RO         7321    i.START_Task        task_start.o
    0x08001dbc   0x08001dbc   0x000000ec   Code   RO          268    i.SetSysClock       system_stm32f4xx.o
    0x08001ea8   0x08001ea8   0x0000002c   Code   RO         7322    i.StartTast         task_start.o
    0x08001ed4   0x08001ed4   0x00000028   Code   RO          320    i.SysTick_CLKSourceConfig  misc.o
    0x08001efc   0x08001efc   0x00000010   Code   RO         6392    i.SysTick_Handler   delay.o
    0x08001f0c   0x08001f0c   0x00000068   Code   RO          270    i.SystemInit        system_stm32f4xx.o
    0x08001f74   0x08001f74   0x00000044   Code   RO         6284    i.System_Init       sysinit.o
    0x08001fb8   0x08001fb8   0x00000012   Code   RO         7637    i.TEST_Task         task_test.o
    0x08001fca   0x08001fca   0x00000002   PAD
    0x08001fcc   0x08001fcc   0x0000008c   Code   RO         6973    i.USART2_IRQHandler  imu.o
    0x08002058   0x08002058   0x00000012   Code   RO         5089    i.USART_ClearFlag   stm32f4xx_usart.o
    0x0800206a   0x0800206a   0x00000018   Code   RO         5093    i.USART_Cmd         stm32f4xx_usart.o
    0x08002082   0x08002082   0x00000012   Code   RO         5094    i.USART_DMACmd      stm32f4xx_usart.o
    0x08002094   0x08002094   0x000000f0   Code   RO         5095    i.USART_DeInit      stm32f4xx_usart.o
    0x08002184   0x08002184   0x00000054   Code   RO         5097    i.USART_GetITStatus  stm32f4xx_usart.o
    0x080021d8   0x080021d8   0x000000d4   Code   RO         5100    i.USART_Init        stm32f4xx_usart.o
    0x080022ac   0x080022ac   0x00000004   Code   RO          216    i.UsageFault_Handler  stm32f4xx_it.o
    0x080022b0   0x080022b0   0x0000012c   Code   RO         6705    i.Usart1_Init       usart.o
    0x080023dc   0x080023dc   0x00000030   Code   RO         6592    i.Yaw_Two_Zero_GPIO_Init  photoelectric.o
    0x0800240c   0x0800240c   0x0000002c   Code   RO         6593    i.Yaw_Zero_GPIO_Init  photoelectric.o
    0x08002438   0x08002438   0x00000044   Code   RO         6393    i.delay_init        delay.o
    0x0800247c   0x0800247c   0x00000040   Code   RO         6394    i.delay_ms          delay.o
    0x080024bc   0x080024bc   0x00000048   Code   RO         6395    i.delay_us          delay.o
    0x08002504   0x08002504   0x0000000a   Code   RO         7069    i.int16_t_abs       maths.o
    0x0800250e   0x0800250e   0x00000010   Code   RO         7070    i.int32_limit       maths.o
    0x0800251e   0x0800251e   0x00000010   Code   RO            4    i.main              main.o
    0x0800252e   0x0800252e   0x00000002   PAD
    0x08002530   0x08002530   0x00000078   Code   RO         6640    i.pid_init          pid.o
    0x080025a8   0x080025a8   0x00000098   Code   RO         5687    i.prvAddCurrentTaskToDelayedList  tasks.o
    0x08002640   0x08002640   0x000000b8   Code   RO         5688    i.prvAddNewTaskToReadyList  tasks.o
    0x080026f8   0x080026f8   0x00000064   Code   RO         6024    i.prvCheckForValidListAndQueue  timers.o
    0x0800275c   0x0800275c   0x00000064   Code   RO         5689    i.prvCheckTasksWaitingTermination  tasks.o
    0x080027c0   0x080027c0   0x0000002a   Code   RO         5489    i.prvCopyDataFromQueue  queue.o
    0x080027ea   0x080027ea   0x0000007c   Code   RO         5490    i.prvCopyDataToQueue  queue.o
    0x08002866   0x08002866   0x00000012   Code   RO         5690    i.prvDeleteTCB      tasks.o
    0x08002878   0x08002878   0x00000028   Code   RO         6025    i.prvGetNextExpireTime  timers.o
    0x080028a0   0x080028a0   0x0000007c   Code   RO         6154    i.prvHeapInit       heap_4.o
    0x0800291c   0x0800291c   0x00000028   Code   RO         5691    i.prvIdleTask       tasks.o
    0x08002944   0x08002944   0x0000002a   Code   RO         5492    i.prvInitialiseNewQueue  queue.o
    0x0800296e   0x0800296e   0x000000b4   Code   RO         5692    i.prvInitialiseNewTask  tasks.o
    0x08002a22   0x08002a22   0x00000002   PAD
    0x08002a24   0x08002a24   0x00000068   Code   RO         5693    i.prvInitialiseTaskLists  tasks.o
    0x08002a8c   0x08002a8c   0x00000068   Code   RO         6155    i.prvInsertBlockIntoFreeList  heap_4.o
    0x08002af4   0x08002af4   0x00000058   Code   RO         6027    i.prvInsertTimerInActiveList  timers.o
    0x08002b4c   0x08002b4c   0x0000001a   Code   RO         5493    i.prvIsQueueEmpty   queue.o
    0x08002b66   0x08002b66   0x0000001e   Code   RO         5494    i.prvIsQueueFull    queue.o
    0x08002b84   0x08002b84   0x00000064   Code   RO         6028    i.prvProcessExpiredTimer  timers.o
    0x08002be8   0x08002be8   0x000000f8   Code   RO         6029    i.prvProcessReceivedCommands  timers.o
    0x08002ce0   0x08002ce0   0x00000074   Code   RO         6030    i.prvProcessTimerOrBlockTask  timers.o
    0x08002d54   0x08002d54   0x00000034   Code   RO         5695    i.prvResetNextTaskUnblockTime  tasks.o
    0x08002d88   0x08002d88   0x0000002c   Code   RO         6031    i.prvSampleTimeNow  timers.o
    0x08002db4   0x08002db4   0x000000a0   Code   RO         6032    i.prvSwitchTimerLists  timers.o
    0x08002e54   0x08002e54   0x00000040   Code   RO         6204    i.prvTaskExitError  port.o
    0x08002e94   0x08002e94   0x0000001a   Code   RO         6033    i.prvTimerTask      timers.o
    0x08002eae   0x08002eae   0x0000007e   Code   RO         5495    i.prvUnlockQueue    queue.o
    0x08002f2c   0x08002f2c   0x0000013c   Code   RO         6156    i.pvPortMalloc      heap_4.o
    0x08003068   0x08003068   0x00000020   Code   RO         5698    i.pvTaskIncrementMutexHeldCount  tasks.o
    0x08003088   0x08003088   0x0000002c   Code   RO         6205    i.pxPortInitialiseStack  port.o
    0x080030b4   0x080030b4   0x00000010   Code   RO         7177    i.remote_control_init  remotecontrol.o
    0x080030c4   0x080030c4   0x00000028   Code   RO         5452    i.uxListRemove      list.o
    0x080030ec   0x080030ec   0x0000001a   Code   RO         5453    i.vListInitialise   list.o
    0x08003106   0x08003106   0x00000006   Code   RO         5454    i.vListInitialiseItem  list.o
    0x0800310c   0x0800310c   0x00000034   Code   RO         5455    i.vListInsert       list.o
    0x08003140   0x08003140   0x00000018   Code   RO         5456    i.vListInsertEnd    list.o
    0x08003158   0x08003158   0x00000054   Code   RO         6207    i.vPortEnterCritical  port.o
    0x080031ac   0x080031ac   0x0000003c   Code   RO         6208    i.vPortExitCritical  port.o
    0x080031e8   0x080031e8   0x00000094   Code   RO         6157    i.vPortFree         heap_4.o
    0x0800327c   0x0800327c   0x00000020   Code   RO         6209    i.vPortSetupTimerInterrupt  port.o
    0x0800329c   0x0800329c   0x00000078   Code   RO         6210    i.vPortValidateInterruptPriority  port.o
    0x08003314   0x08003314   0x0000002c   Code   RO         5501    i.vQueueAddToRegistry  queue.o
    0x08003340   0x08003340   0x0000004a   Code   RO         5505    i.vQueueWaitForMessageRestricted  queue.o
    0x0800338a   0x0800338a   0x00000002   PAD
    0x0800338c   0x0800338c   0x0000005c   Code   RO         5706    i.vTaskDelay        tasks.o
    0x080033e8   0x080033e8   0x000000f4   Code   RO         5708    i.vTaskDelete       tasks.o
    0x080034dc   0x080034dc   0x0000000c   Code   RO         5711    i.vTaskMissedYield  tasks.o
    0x080034e8   0x080034e8   0x00000038   Code   RO         5713    i.vTaskPlaceOnEventList  tasks.o
    0x08003520   0x08003520   0x00000040   Code   RO         5714    i.vTaskPlaceOnEventListRestricted  tasks.o
    0x08003560   0x08003560   0x000000b0   Code   RO         5716    i.vTaskPriorityInherit  tasks.o
    0x08003610   0x08003610   0x00000030   Code   RO         5720    i.vTaskSetTimeOutState  tasks.o
    0x08003640   0x08003640   0x00000094   Code   RO         5721    i.vTaskStartScheduler  tasks.o
    0x080036d4   0x080036d4   0x00000010   Code   RO         5723    i.vTaskSuspendAll   tasks.o
    0x080036e4   0x080036e4   0x0000008c   Code   RO         5724    i.vTaskSwitchContext  tasks.o
    0x08003770   0x08003770   0x0000013c   Code   RO         6211    i.xPortStartScheduler  port.o
    0x080038ac   0x080038ac   0x00000034   Code   RO         6212    i.xPortSysTickHandler  port.o
    0x080038e0   0x080038e0   0x00000058   Code   RO         5508    i.xQueueGenericCreate  queue.o
    0x08003938   0x08003938   0x000001c4   Code   RO         5509    i.xQueueGenericReceive  queue.o
    0x08003afc   0x08003afc   0x00000098   Code   RO         5510    i.xQueueGenericReset  queue.o
    0x08003b94   0x08003b94   0x000001a8   Code   RO         5511    i.xQueueGenericSend  queue.o
    0x08003d3c   0x08003d3c   0x000000f8   Code   RO         5512    i.xQueueGenericSendFromISR  queue.o
    0x08003e34   0x08003e34   0x0000008c   Code   RO         5725    i.xTaskCheckForTimeOut  tasks.o
    0x08003ec0   0x08003ec0   0x00000060   Code   RO         5726    i.xTaskCreate       tasks.o
    0x08003f20   0x08003f20   0x00000020   Code   RO         5730    i.xTaskGetSchedulerState  tasks.o
    0x08003f40   0x08003f40   0x0000000c   Code   RO         5731    i.xTaskGetTickCount  tasks.o
    0x08003f4c   0x08003f4c   0x00000148   Code   RO         5733    i.xTaskIncrementTick  tasks.o
    0x08004094   0x08004094   0x000000c8   Code   RO         5736    i.xTaskPriorityDisinherit  tasks.o
    0x0800415c   0x0800415c   0x00000098   Code   RO         5737    i.xTaskRemoveFromEventList  tasks.o
    0x080041f4   0x080041f4   0x00000104   Code   RO         5739    i.xTaskResumeAll    tasks.o
    0x080042f8   0x080042f8   0x00000058   Code   RO         6037    i.xTimerCreateTimerTask  timers.o
    0x08004350   0x08004350   0x00000084   Code   RO         6038    i.xTimerGenericCommand  timers.o
    0x080043d4   0x080043d4   0x0000000a   Code   RO         7886    x$fpl$fpinit        fz_wm.l(fpinit.o)
    0x080043de   0x080043de   0x00000002   PAD
    0x080043e0   0x080043e0   0x00000020   Data   RO         7954    Region$$Table       anon$$obj.o


    Execution Region RW_IRAM1 (Exec base: 0x20000000, Load base: 0x08004400, Size: 0x00013e58, Max: 0x00020000, ABSOLUTE)

    Exec Addr    Load Addr    Size         Type   Attr      Idx    E Section Name        Object

    0x20000000   0x08004400   0x00000014   Data   RW          271    .data               system_stm32f4xx.o
    0x20000014   0x08004414   0x00000010   Data   RW         3196    .data               stm32f4xx_rcc.o
    0x20000024   0x08004424   0x0000003c   Data   RW         5742    .data               tasks.o
    0x20000060   0x08004460   0x00000014   Data   RW         6044    .data               timers.o
    0x20000074   0x08004474   0x00000018   Data   RW         6162    .data               heap_4.o
    0x2000008c   0x0800448c   0x0000000c   Data   RW         6213    .data               port.o
    0x20000098   0x08004498   0x00000004   Data   RW         6397    .data               delay.o
    0x2000009c   0x0800449c   0x00000004   Data   RW         6975    .data               imu.o
    0x200000a0   0x080044a0   0x00000020   Data   RW         7323    .data               task_start.o
    0x200000c0   0x080044c0   0x00000008   Data   RW         7496    .data               task_gimbal.o
    0x200000c8        -       0x00000040   Zero   RW         5520    .bss                queue.o
    0x20000108        -       0x000000c8   Zero   RW         5741    .bss                tasks.o
    0x200001d0        -       0x00000028   Zero   RW         6043    .bss                timers.o
    0x200001f8        -       0x00012c00   Zero   RW         6161    .bss                heap_4.o
    0x20012df8        -       0x00000032   Zero   RW         6707    .bss                usart.o
    0x20012e2a   0x080044c8   0x00000002   PAD
    0x20012e2c        -       0x000000b4   Zero   RW         6758    .bss                can_receive.o
    0x20012ee0        -       0x0000005a   Zero   RW         6974    .bss                imu.o
    0x20012f3a        -       0x00000028   Zero   RW         7178    .bss                remotecontrol.o
    0x20012f62   0x080044c8   0x00000002   PAD
    0x20012f64        -       0x00000230   Zero   RW         7423    .bss                task_chassis.o
    0x20013194        -       0x00000618   Zero   RW         7495    .bss                task_gimbal.o
    0x200137ac        -       0x0000004c   Zero   RW         7638    .bss                task_test.o
    0x200137f8        -       0x00000060   Zero   RW         7818    .bss                c_w.l(libspace.o)
    0x20013858        -       0x00000200   Zero   RW          307    HEAP                startup_stm32f40_41xxx.o
    0x20013a58        -       0x00000400   Zero   RW          306    STACK               startup_stm32f40_41xxx.o


==============================================================================

Image component sizes


      Code (inc. data)   RO Data    RW Data    ZI Data      Debug   Object Name

       516         20          0          0          0       2094   can.o
       600         68          0          0        180       5374   can_receive.o
         0          0          0          0          0        986   chassis_behaviour.o
       220         18          0          4          0       2565   delay.o
         0          0          0          0          0      10424   event_groups.o
       692         62          0         24      76800       4607   heap_4.o
       444         46          0          4         90       2591   imu.o
       148          0          0          0          0       3398   list.o
        16          0          0          0          0      57563   main.o
        26          0          0          0          0       1172   maths.o
       180         24          0          0          0     248857   misc.o
        92         10          0          0          0       1198   photoelectric.o
       328         10          0          0          0       2024   pid.o
       954         92          0         12          0      11633   port.o
      1872         22          0          0         64      16261   queue.o
       636         38          0          0         40       5570   remotecontrol.o
       214          0          0          0          0       3253   rmmotor.o
        64         26        392          0       1536        848   startup_stm32f40_41xxx.o
      1782         42          0          0          0       8023   stm32f4xx_can.o
       716         68          0          0          0       7730   stm32f4xx_dma.o
       214          0          0          0          0       1915   stm32f4xx_gpio.o
        20          0          0          0          0       2777   stm32f4xx_it.o
       392         48          0         16          0       6041   stm32f4xx_rcc.o
       596         42          0          0          0       4877   stm32f4xx_usart.o
       416         48          0          0          0       5917   sysinit.o
       340         32          0         20          0       1913   system_stm32f4xx.o
         0          0          0          0        560       1626   task_chassis.o
         0          0          0          8       1560       2964   task_gimbal.o
        10          0          0          0          0        577   task_safecheck.o
       156         70          0         32          0       2413   task_start.o
       106         14          0          0         76       1666   task_test.o
      3078        410          0         60        200      23579   tasks.o
      1142        118          0         20         40      17615   timers.o
       300         20          0          0         50       1632   usart.o

    ----------------------------------------------------------------------
     16290       1348        424        200      81200     471683   Object Totals
         0          0         32          0          0          0   (incl. Generated)
        20          0          0          0          4          0   (incl. Padding)

    ----------------------------------------------------------------------

      Code (inc. data)   RO Data    RW Data    ZI Data      Debug   Library Member Name

         8          0          0          0          0         68   __main.o
         0          0          0          0          0          0   __rtentry.o
        12          0          0          0          0          0   __rtentry2.o
         6          0          0          0          0          0   __rtentry4.o
        52          8          0          0          0          0   __scatter.o
        26          0          0          0          0          0   __scatter_copy.o
        28          0          0          0          0          0   __scatter_zi.o
        16          0          0          0          0         68   aeabi_memset.o
        18          0          0          0          0         80   exit.o
         6          0          0          0          0        152   heapauxi.o
         0          0          0          0          0          0   indicate_semi.o
         2          0          0          0          0          0   libinit.o
         6          0          0          0          0          0   libinit2.o
         2          0          0          0          0          0   libshutdown.o
         2          0          0          0          0          0   libshutdown2.o
         8          4          0          0         96         68   libspace.o
        68          0          0          0          0         68   rt_memclr.o
        78          0          0          0          0         80   rt_memclr_w.o
       138          0          0          0          0         68   rt_memcpy_v6.o
       100          0          0          0          0         80   rt_memcpy_w.o
         2          0          0          0          0          0   rtexit.o
        10          0          0          0          0          0   rtexit2.o
        12          4          0          0          0         68   sys_exit.o
        74          0          0          0          0         80   sys_stackheap_outer.o
         2          0          0          0          0         68   use_no_semi.o
        10          0          0          0          0        116   fpinit.o

    ----------------------------------------------------------------------
       694         16          0          0         96       1064   Library Totals
         8          0          0          0          0          0   (incl. Padding)

    ----------------------------------------------------------------------

      Code (inc. data)   RO Data    RW Data    ZI Data      Debug   Library Name

       676         16          0          0         96        948   c_w.l
        10          0          0          0          0        116   fz_wm.l

    ----------------------------------------------------------------------
       694         16          0          0         96       1064   Library Totals

    ----------------------------------------------------------------------

==============================================================================


      Code (inc. data)   RO Data    RW Data    ZI Data      Debug   

     16984       1364        424        200      81296     457931   Grand Totals
     16984       1364        424        200      81296     457931   ELF Image Totals
     16984       1364        424        200          0          0   ROM Totals

==============================================================================

    Total RO  Size (Code + RO Data)                17408 (  17.00kB)
    Total RW  Size (RW Data + ZI Data)             81496 (  79.59kB)
    Total ROM Size (Code + RO Data + RW Data)      17608 (  17.20kB)

==============================================================================

